Archive member included to satisfy reference by file (symbol)

/home/dylan/Bureau/Cours/Robotique/_Temps_reel/STM32_2A/gcc-arm-none-eabi-9-2019-q4-major/bin/../lib/gcc/arm-none-eabi/9.2.1/../../../../arm-none-eabi/lib/thumb/v7e-m+fp/hard/libc_nano.a(lib_a-exit.o)
                              /home/dylan/Bureau/Cours/Robotique/_Temps_reel/STM32_2A/gcc-arm-none-eabi-9-2019-q4-major/bin/../lib/gcc/arm-none-eabi/9.2.1/../../../../arm-none-eabi/lib/thumb/v7e-m+fp/hard/crt0.o (exit)
/home/dylan/Bureau/Cours/Robotique/_Temps_reel/STM32_2A/gcc-arm-none-eabi-9-2019-q4-major/bin/../lib/gcc/arm-none-eabi/9.2.1/../../../../arm-none-eabi/lib/thumb/v7e-m+fp/hard/libc_nano.a(lib_a-impure.o)
                              /home/dylan/Bureau/Cours/Robotique/_Temps_reel/STM32_2A/gcc-arm-none-eabi-9-2019-q4-major/bin/../lib/gcc/arm-none-eabi/9.2.1/../../../../arm-none-eabi/lib/thumb/v7e-m+fp/hard/libc_nano.a(lib_a-exit.o) (_global_impure_ptr)
/home/dylan/Bureau/Cours/Robotique/_Temps_reel/STM32_2A/gcc-arm-none-eabi-9-2019-q4-major/bin/../lib/gcc/arm-none-eabi/9.2.1/../../../../arm-none-eabi/lib/thumb/v7e-m+fp/hard/libc_nano.a(lib_a-init.o)
                              /home/dylan/Bureau/Cours/Robotique/_Temps_reel/STM32_2A/gcc-arm-none-eabi-9-2019-q4-major/bin/../lib/gcc/arm-none-eabi/9.2.1/../../../../arm-none-eabi/lib/thumb/v7e-m+fp/hard/crt0.o (__libc_init_array)
/home/dylan/Bureau/Cours/Robotique/_Temps_reel/STM32_2A/gcc-arm-none-eabi-9-2019-q4-major/bin/../lib/gcc/arm-none-eabi/9.2.1/../../../../arm-none-eabi/lib/thumb/v7e-m+fp/hard/libc_nano.a(lib_a-memset.o)
                              /home/dylan/Bureau/Cours/Robotique/_Temps_reel/STM32_2A/gcc-arm-none-eabi-9-2019-q4-major/bin/../lib/gcc/arm-none-eabi/9.2.1/../../../../arm-none-eabi/lib/thumb/v7e-m+fp/hard/crt0.o (memset)
/home/dylan/Bureau/Cours/Robotique/_Temps_reel/STM32_2A/gcc-arm-none-eabi-9-2019-q4-major/bin/../lib/gcc/arm-none-eabi/9.2.1/thumb/v7e-m+fp/hard/libgcc.a(_aeabi_ldivmod.o)
                              ./build/stm32l4xx_hal_uart.o (__aeabi_ldivmod)
/home/dylan/Bureau/Cours/Robotique/_Temps_reel/STM32_2A/gcc-arm-none-eabi-9-2019-q4-major/bin/../lib/gcc/arm-none-eabi/9.2.1/thumb/v7e-m+fp/hard/libgcc.a(_aeabi_uldivmod.o)
                              ./build/stm32l4xx_hal_uart.o (__aeabi_uldivmod)
/home/dylan/Bureau/Cours/Robotique/_Temps_reel/STM32_2A/gcc-arm-none-eabi-9-2019-q4-major/bin/../lib/gcc/arm-none-eabi/9.2.1/thumb/v7e-m+fp/hard/libgcc.a(_udivmoddi4.o)
                              /home/dylan/Bureau/Cours/Robotique/_Temps_reel/STM32_2A/gcc-arm-none-eabi-9-2019-q4-major/bin/../lib/gcc/arm-none-eabi/9.2.1/thumb/v7e-m+fp/hard/libgcc.a(_aeabi_ldivmod.o) (__udivmoddi4)
/home/dylan/Bureau/Cours/Robotique/_Temps_reel/STM32_2A/gcc-arm-none-eabi-9-2019-q4-major/bin/../lib/gcc/arm-none-eabi/9.2.1/thumb/v7e-m+fp/hard/libgcc.a(_dvmd_tls.o)
                              /home/dylan/Bureau/Cours/Robotique/_Temps_reel/STM32_2A/gcc-arm-none-eabi-9-2019-q4-major/bin/../lib/gcc/arm-none-eabi/9.2.1/thumb/v7e-m+fp/hard/libgcc.a(_aeabi_ldivmod.o) (__aeabi_ldiv0)
/home/dylan/Bureau/Cours/Robotique/_Temps_reel/STM32_2A/gcc-arm-none-eabi-9-2019-q4-major/bin/../lib/gcc/arm-none-eabi/9.2.1/../../../../arm-none-eabi/lib/thumb/v7e-m+fp/hard/libc_nano.a(lib_a-strlen.o)
                              ./build/main.o (strlen)
/home/dylan/Bureau/Cours/Robotique/_Temps_reel/STM32_2A/gcc-arm-none-eabi-9-2019-q4-major/bin/../lib/gcc/arm-none-eabi/9.2.1/../../../../arm-none-eabi/lib/thumb/v7e-m+fp/hard/libnosys.a(_exit.o)
                              /home/dylan/Bureau/Cours/Robotique/_Temps_reel/STM32_2A/gcc-arm-none-eabi-9-2019-q4-major/bin/../lib/gcc/arm-none-eabi/9.2.1/../../../../arm-none-eabi/lib/thumb/v7e-m+fp/hard/libc_nano.a(lib_a-exit.o) (_exit)

Allocating common symbols
Common symbol       size              file

pBufferReadyForReception
                    0x4               ./build/main.o
aRXBufferA          0xa               ./build/main.o
pBufferReadyForUser
                    0x4               ./build/main.o
UartHandle          0x80              ./build/main.o
uwTick              0x4               ./build/stm32l4xx_hal.o
aRXBufferB          0xa               ./build/main.o

Memory Configuration

Name             Origin             Length             Attributes
FLASH            0x0000000008000000 0x0000000000100000 xr
RAM              0x0000000020000000 0x0000000000018000 xrw
*default*        0x0000000000000000 0xffffffffffffffff

Linker script and memory map

LOAD /home/dylan/Bureau/Cours/Robotique/_Temps_reel/STM32_2A/gcc-arm-none-eabi-9-2019-q4-major/bin/../lib/gcc/arm-none-eabi/9.2.1/thumb/v7e-m+fp/hard/crti.o
LOAD /home/dylan/Bureau/Cours/Robotique/_Temps_reel/STM32_2A/gcc-arm-none-eabi-9-2019-q4-major/bin/../lib/gcc/arm-none-eabi/9.2.1/thumb/v7e-m+fp/hard/crtbegin.o
LOAD /home/dylan/Bureau/Cours/Robotique/_Temps_reel/STM32_2A/gcc-arm-none-eabi-9-2019-q4-major/bin/../lib/gcc/arm-none-eabi/9.2.1/../../../../arm-none-eabi/lib/thumb/v7e-m+fp/hard/crt0.o
START GROUP
LOAD /home/dylan/Bureau/Cours/Robotique/_Temps_reel/STM32_2A/gcc-arm-none-eabi-9-2019-q4-major/bin/../lib/gcc/arm-none-eabi/9.2.1/../../../../arm-none-eabi/lib/thumb/v7e-m+fp/hard/libc_nano.a
LOAD /home/dylan/Bureau/Cours/Robotique/_Temps_reel/STM32_2A/gcc-arm-none-eabi-9-2019-q4-major/bin/../lib/gcc/arm-none-eabi/9.2.1/../../../../arm-none-eabi/lib/thumb/v7e-m+fp/hard/libm.a
END GROUP
LOAD ./build/main.o
LOAD ./build/stm32l4xx_it.o
LOAD ./build/stm32l4xx_nucleo.o
LOAD ./build/stm32l4xx_hal_msp.o
LOAD ./build/stm32l4xx_hal.o
LOAD ./build/stm32l4xx_hal_cortex.o
LOAD ./build/stm32l4xx_hal_rcc.o
LOAD ./build/stm32l4xx_hal_pwr_ex.o
LOAD ./build/stm32l4xx_hal_gpio.o
LOAD ./build/stm32l4xx_hal_pwr.o
LOAD ./build/stm32l4xx_hal_uart.o
LOAD ./build/stm32l4xx_hal_dma.o
LOAD ./build/stm32l4xx_hal_uart_ex.o
LOAD ./build/stm32l4xx_hal_wwdg.o
LOAD ./build/system_stm32l4xx.o
LOAD build/stm32l476_startup.o
START GROUP
LOAD /home/dylan/Bureau/Cours/Robotique/_Temps_reel/STM32_2A/gcc-arm-none-eabi-9-2019-q4-major/bin/../lib/gcc/arm-none-eabi/9.2.1/thumb/v7e-m+fp/hard/libgcc.a
LOAD /home/dylan/Bureau/Cours/Robotique/_Temps_reel/STM32_2A/gcc-arm-none-eabi-9-2019-q4-major/bin/../lib/gcc/arm-none-eabi/9.2.1/../../../../arm-none-eabi/lib/thumb/v7e-m+fp/hard/libc_nano.a
END GROUP
START GROUP
LOAD /home/dylan/Bureau/Cours/Robotique/_Temps_reel/STM32_2A/gcc-arm-none-eabi-9-2019-q4-major/bin/../lib/gcc/arm-none-eabi/9.2.1/thumb/v7e-m+fp/hard/libgcc.a
LOAD /home/dylan/Bureau/Cours/Robotique/_Temps_reel/STM32_2A/gcc-arm-none-eabi-9-2019-q4-major/bin/../lib/gcc/arm-none-eabi/9.2.1/../../../../arm-none-eabi/lib/thumb/v7e-m+fp/hard/libc_nano.a
LOAD /home/dylan/Bureau/Cours/Robotique/_Temps_reel/STM32_2A/gcc-arm-none-eabi-9-2019-q4-major/bin/../lib/gcc/arm-none-eabi/9.2.1/../../../../arm-none-eabi/lib/thumb/v7e-m+fp/hard/libnosys.a
END GROUP
START GROUP
LOAD /home/dylan/Bureau/Cours/Robotique/_Temps_reel/STM32_2A/gcc-arm-none-eabi-9-2019-q4-major/bin/../lib/gcc/arm-none-eabi/9.2.1/thumb/v7e-m+fp/hard/libgcc.a
LOAD /home/dylan/Bureau/Cours/Robotique/_Temps_reel/STM32_2A/gcc-arm-none-eabi-9-2019-q4-major/bin/../lib/gcc/arm-none-eabi/9.2.1/../../../../arm-none-eabi/lib/thumb/v7e-m+fp/hard/libc_nano.a
LOAD /home/dylan/Bureau/Cours/Robotique/_Temps_reel/STM32_2A/gcc-arm-none-eabi-9-2019-q4-major/bin/../lib/gcc/arm-none-eabi/9.2.1/../../../../arm-none-eabi/lib/thumb/v7e-m+fp/hard/libnosys.a
END GROUP
LOAD /home/dylan/Bureau/Cours/Robotique/_Temps_reel/STM32_2A/gcc-arm-none-eabi-9-2019-q4-major/bin/../lib/gcc/arm-none-eabi/9.2.1/thumb/v7e-m+fp/hard/crtend.o
LOAD /home/dylan/Bureau/Cours/Robotique/_Temps_reel/STM32_2A/gcc-arm-none-eabi-9-2019-q4-major/bin/../lib/gcc/arm-none-eabi/9.2.1/thumb/v7e-m+fp/hard/crtn.o
                0x0000000020018000                _estack = 0x20018000
                0x0000000000000200                _Min_Heap_Size = 0x200
                0x0000000000000400                _Min_Stack_Size = 0x400

.isr_vector     0x0000000008000000      0x188
                0x0000000008000000                . = ALIGN (0x8)
 *(.isr_vector)
 .isr_vector    0x0000000008000000      0x188 build/stm32l476_startup.o
                0x0000000008000000                g_pfnVectors
                0x0000000008000188                . = ALIGN (0x8)

.text           0x0000000008000188     0x40e8
                0x0000000008000188                . = ALIGN (0x8)
 *(.text)
 .text          0x0000000008000188        0x0 /home/dylan/Bureau/Cours/Robotique/_Temps_reel/STM32_2A/gcc-arm-none-eabi-9-2019-q4-major/bin/../lib/gcc/arm-none-eabi/9.2.1/thumb/v7e-m+fp/hard/crti.o
 .text          0x0000000008000188       0x40 /home/dylan/Bureau/Cours/Robotique/_Temps_reel/STM32_2A/gcc-arm-none-eabi-9-2019-q4-major/bin/../lib/gcc/arm-none-eabi/9.2.1/thumb/v7e-m+fp/hard/crtbegin.o
 .text          0x00000000080001c8       0x74 /home/dylan/Bureau/Cours/Robotique/_Temps_reel/STM32_2A/gcc-arm-none-eabi-9-2019-q4-major/bin/../lib/gcc/arm-none-eabi/9.2.1/../../../../arm-none-eabi/lib/thumb/v7e-m+fp/hard/crt0.o
                0x00000000080001c8                _mainCRTStartup
                0x00000000080001c8                _start
 .text          0x000000000800023c        0x0 /home/dylan/Bureau/Cours/Robotique/_Temps_reel/STM32_2A/gcc-arm-none-eabi-9-2019-q4-major/bin/../lib/gcc/arm-none-eabi/9.2.1/../../../../arm-none-eabi/lib/thumb/v7e-m+fp/hard/libc_nano.a(lib_a-exit.o)
 .text          0x000000000800023c        0x0 /home/dylan/Bureau/Cours/Robotique/_Temps_reel/STM32_2A/gcc-arm-none-eabi-9-2019-q4-major/bin/../lib/gcc/arm-none-eabi/9.2.1/../../../../arm-none-eabi/lib/thumb/v7e-m+fp/hard/libc_nano.a(lib_a-impure.o)
 .text          0x000000000800023c        0x0 /home/dylan/Bureau/Cours/Robotique/_Temps_reel/STM32_2A/gcc-arm-none-eabi-9-2019-q4-major/bin/../lib/gcc/arm-none-eabi/9.2.1/../../../../arm-none-eabi/lib/thumb/v7e-m+fp/hard/libc_nano.a(lib_a-init.o)
 .text          0x000000000800023c        0x0 /home/dylan/Bureau/Cours/Robotique/_Temps_reel/STM32_2A/gcc-arm-none-eabi-9-2019-q4-major/bin/../lib/gcc/arm-none-eabi/9.2.1/../../../../arm-none-eabi/lib/thumb/v7e-m+fp/hard/libc_nano.a(lib_a-memset.o)
 .text          0x000000000800023c        0x0 ./build/main.o
 .text          0x000000000800023c        0x0 ./build/stm32l4xx_it.o
 .text          0x000000000800023c        0x0 ./build/stm32l4xx_nucleo.o
 .text          0x000000000800023c        0x0 ./build/stm32l4xx_hal_msp.o
 .text          0x000000000800023c        0x0 ./build/stm32l4xx_hal.o
 .text          0x000000000800023c        0x0 ./build/stm32l4xx_hal_cortex.o
 .text          0x000000000800023c        0x0 ./build/stm32l4xx_hal_rcc.o
 .text          0x000000000800023c        0x0 ./build/stm32l4xx_hal_pwr_ex.o
 .text          0x000000000800023c        0x0 ./build/stm32l4xx_hal_gpio.o
 .text          0x000000000800023c        0x0 ./build/stm32l4xx_hal_pwr.o
 .text          0x000000000800023c        0x0 ./build/stm32l4xx_hal_uart.o
 .text          0x000000000800023c        0x0 ./build/stm32l4xx_hal_dma.o
 .text          0x000000000800023c        0x0 ./build/stm32l4xx_hal_uart_ex.o
 .text          0x000000000800023c        0x0 ./build/stm32l4xx_hal_wwdg.o
 .text          0x000000000800023c        0x0 ./build/system_stm32l4xx.o
 .text          0x000000000800023c       0x14 build/stm32l476_startup.o
 .text          0x0000000008000250       0xa0 /home/dylan/Bureau/Cours/Robotique/_Temps_reel/STM32_2A/gcc-arm-none-eabi-9-2019-q4-major/bin/../lib/gcc/arm-none-eabi/9.2.1/thumb/v7e-m+fp/hard/libgcc.a(_aeabi_ldivmod.o)
                0x0000000008000250                __aeabi_ldivmod
 .text          0x00000000080002f0       0x30 /home/dylan/Bureau/Cours/Robotique/_Temps_reel/STM32_2A/gcc-arm-none-eabi-9-2019-q4-major/bin/../lib/gcc/arm-none-eabi/9.2.1/thumb/v7e-m+fp/hard/libgcc.a(_aeabi_uldivmod.o)
                0x00000000080002f0                __aeabi_uldivmod
 .text          0x0000000008000320      0x2c4 /home/dylan/Bureau/Cours/Robotique/_Temps_reel/STM32_2A/gcc-arm-none-eabi-9-2019-q4-major/bin/../lib/gcc/arm-none-eabi/9.2.1/thumb/v7e-m+fp/hard/libgcc.a(_udivmoddi4.o)
                0x0000000008000320                __udivmoddi4
 .text          0x00000000080005e4        0x4 /home/dylan/Bureau/Cours/Robotique/_Temps_reel/STM32_2A/gcc-arm-none-eabi-9-2019-q4-major/bin/../lib/gcc/arm-none-eabi/9.2.1/thumb/v7e-m+fp/hard/libgcc.a(_dvmd_tls.o)
                0x00000000080005e4                __aeabi_ldiv0
                0x00000000080005e4                __aeabi_idiv0
 .text          0x00000000080005e8       0x10 /home/dylan/Bureau/Cours/Robotique/_Temps_reel/STM32_2A/gcc-arm-none-eabi-9-2019-q4-major/bin/../lib/gcc/arm-none-eabi/9.2.1/../../../../arm-none-eabi/lib/thumb/v7e-m+fp/hard/libc_nano.a(lib_a-strlen.o)
                0x00000000080005e8                strlen
 .text          0x00000000080005f8        0x0 /home/dylan/Bureau/Cours/Robotique/_Temps_reel/STM32_2A/gcc-arm-none-eabi-9-2019-q4-major/bin/../lib/gcc/arm-none-eabi/9.2.1/../../../../arm-none-eabi/lib/thumb/v7e-m+fp/hard/libnosys.a(_exit.o)
 .text          0x00000000080005f8        0x0 /home/dylan/Bureau/Cours/Robotique/_Temps_reel/STM32_2A/gcc-arm-none-eabi-9-2019-q4-major/bin/../lib/gcc/arm-none-eabi/9.2.1/thumb/v7e-m+fp/hard/crtend.o
 .text          0x00000000080005f8        0x0 /home/dylan/Bureau/Cours/Robotique/_Temps_reel/STM32_2A/gcc-arm-none-eabi-9-2019-q4-major/bin/../lib/gcc/arm-none-eabi/9.2.1/thumb/v7e-m+fp/hard/crtn.o
 *(.text*)
 .text.exit     0x00000000080005f8       0x28 /home/dylan/Bureau/Cours/Robotique/_Temps_reel/STM32_2A/gcc-arm-none-eabi-9-2019-q4-major/bin/../lib/gcc/arm-none-eabi/9.2.1/../../../../arm-none-eabi/lib/thumb/v7e-m+fp/hard/libc_nano.a(lib_a-exit.o)
                0x00000000080005f8                exit
 .text.__libc_init_array
                0x0000000008000620       0x48 /home/dylan/Bureau/Cours/Robotique/_Temps_reel/STM32_2A/gcc-arm-none-eabi-9-2019-q4-major/bin/../lib/gcc/arm-none-eabi/9.2.1/../../../../arm-none-eabi/lib/thumb/v7e-m+fp/hard/libc_nano.a(lib_a-init.o)
                0x0000000008000620                __libc_init_array
 .text.memset   0x0000000008000668       0x10 /home/dylan/Bureau/Cours/Robotique/_Temps_reel/STM32_2A/gcc-arm-none-eabi-9-2019-q4-major/bin/../lib/gcc/arm-none-eabi/9.2.1/../../../../arm-none-eabi/lib/thumb/v7e-m+fp/hard/libc_nano.a(lib_a-memset.o)
                0x0000000008000668                memset
 .text.Error_Handler
                0x0000000008000678        0xa ./build/main.o
 *fill*         0x0000000008000682        0x2 
 .text.mon_printf
                0x0000000008000684       0x28 ./build/main.o
                0x0000000008000684                mon_printf
 .text.startup.main
                0x00000000080006ac      0x1d4 ./build/main.o
                0x00000000080006ac                main
 .text.UART_CharReception_Callback
                0x0000000008000880       0x44 ./build/main.o
                0x0000000008000880                UART_CharReception_Callback
 .text.UART_Error_Callback
                0x00000000080008c4       0x2c ./build/main.o
                0x00000000080008c4                UART_Error_Callback
 .text.NMI_Handler
                0x00000000080008f0        0x2 ./build/stm32l4xx_it.o
                0x00000000080008f0                NMI_Handler
 .text.HardFault_Handler
                0x00000000080008f2        0x2 ./build/stm32l4xx_it.o
                0x00000000080008f2                HardFault_Handler
 .text.MemManage_Handler
                0x00000000080008f4        0x2 ./build/stm32l4xx_it.o
                0x00000000080008f4                MemManage_Handler
 .text.BusFault_Handler
                0x00000000080008f6        0x2 ./build/stm32l4xx_it.o
                0x00000000080008f6                BusFault_Handler
 .text.UsageFault_Handler
                0x00000000080008f8        0x2 ./build/stm32l4xx_it.o
                0x00000000080008f8                UsageFault_Handler
 .text.SVC_Handler
                0x00000000080008fa        0x2 ./build/stm32l4xx_it.o
                0x00000000080008fa                SVC_Handler
 .text.DebugMon_Handler
                0x00000000080008fc        0x2 ./build/stm32l4xx_it.o
                0x00000000080008fc                DebugMon_Handler
 .text.PendSV_Handler
                0x00000000080008fe        0x2 ./build/stm32l4xx_it.o
                0x00000000080008fe                PendSV_Handler
 .text.SysTick_Handler
                0x0000000008000900        0x4 ./build/stm32l4xx_it.o
                0x0000000008000900                SysTick_Handler
 .text.USART2_IRQHandler
                0x0000000008000904       0x30 ./build/stm32l4xx_it.o
                0x0000000008000904                USART2_IRQHandler
 .text.EXTI15_10_IRQHandler
                0x0000000008000934        0xc ./build/stm32l4xx_it.o
                0x0000000008000934                EXTI15_10_IRQHandler
 .text.BSP_GetVersion
                0x0000000008000940        0x8 ./build/stm32l4xx_nucleo.o
                0x0000000008000940                BSP_GetVersion
 .text.BSP_LED_Init
                0x0000000008000948       0x50 ./build/stm32l4xx_nucleo.o
                0x0000000008000948                BSP_LED_Init
 .text.BSP_LED_DeInit
                0x0000000008000998       0x24 ./build/stm32l4xx_nucleo.o
                0x0000000008000998                BSP_LED_DeInit
 .text.BSP_LED_On
                0x00000000080009bc       0x14 ./build/stm32l4xx_nucleo.o
                0x00000000080009bc                BSP_LED_On
 .text.BSP_LED_Off
                0x00000000080009d0       0x14 ./build/stm32l4xx_nucleo.o
                0x00000000080009d0                BSP_LED_Off
 .text.BSP_LED_Toggle
                0x00000000080009e4       0x10 ./build/stm32l4xx_nucleo.o
                0x00000000080009e4                BSP_LED_Toggle
 .text.BSP_PB_Init
                0x00000000080009f4       0x88 ./build/stm32l4xx_nucleo.o
                0x00000000080009f4                BSP_PB_Init
 .text.BSP_PB_DeInit
                0x0000000008000a7c       0x20 ./build/stm32l4xx_nucleo.o
                0x0000000008000a7c                BSP_PB_DeInit
 .text.BSP_PB_GetState
                0x0000000008000a9c       0x18 ./build/stm32l4xx_nucleo.o
                0x0000000008000a9c                BSP_PB_GetState
 .text.HAL_UART_MspInit
                0x0000000008000ab4       0x84 ./build/stm32l4xx_hal_msp.o
                0x0000000008000ab4                HAL_UART_MspInit
 .text.HAL_UART_MspDeInit
                0x0000000008000b38       0x38 ./build/stm32l4xx_hal_msp.o
                0x0000000008000b38                HAL_UART_MspDeInit
 .text.HAL_WWDG_MspInit
                0x0000000008000b70       0x20 ./build/stm32l4xx_hal_msp.o
                0x0000000008000b70                HAL_WWDG_MspInit
 .text.HAL_MspInit
                0x0000000008000b90        0x2 ./build/stm32l4xx_hal.o
                0x0000000008000b90                HAL_MspInit
 .text.HAL_MspDeInit
                0x0000000008000b92        0x2 ./build/stm32l4xx_hal.o
                0x0000000008000b92                HAL_MspDeInit
 .text.HAL_DeInit
                0x0000000008000b94       0x2c ./build/stm32l4xx_hal.o
                0x0000000008000b94                HAL_DeInit
 .text.HAL_InitTick
                0x0000000008000bc0       0x4c ./build/stm32l4xx_hal.o
                0x0000000008000bc0                HAL_InitTick
 .text.HAL_Init
                0x0000000008000c0c       0x1e ./build/stm32l4xx_hal.o
                0x0000000008000c0c                HAL_Init
 *fill*         0x0000000008000c2a        0x2 
 .text.HAL_IncTick
                0x0000000008000c2c       0x18 ./build/stm32l4xx_hal.o
                0x0000000008000c2c                HAL_IncTick
 .text.HAL_GetTick
                0x0000000008000c44        0xc ./build/stm32l4xx_hal.o
                0x0000000008000c44                HAL_GetTick
 .text.HAL_GetTickPrio
                0x0000000008000c50        0xc ./build/stm32l4xx_hal.o
                0x0000000008000c50                HAL_GetTickPrio
 .text.HAL_SetTickFreq
                0x0000000008000c5c       0x28 ./build/stm32l4xx_hal.o
                0x0000000008000c5c                HAL_SetTickFreq
 .text.HAL_GetTickFreq
                0x0000000008000c84        0xc ./build/stm32l4xx_hal.o
                0x0000000008000c84                HAL_GetTickFreq
 .text.HAL_Delay
                0x0000000008000c90       0x28 ./build/stm32l4xx_hal.o
                0x0000000008000c90                HAL_Delay
 .text.HAL_SuspendTick
                0x0000000008000cb8       0x10 ./build/stm32l4xx_hal.o
                0x0000000008000cb8                HAL_SuspendTick
 .text.HAL_ResumeTick
                0x0000000008000cc8       0x10 ./build/stm32l4xx_hal.o
                0x0000000008000cc8                HAL_ResumeTick
 .text.HAL_GetHalVersion
                0x0000000008000cd8        0x6 ./build/stm32l4xx_hal.o
                0x0000000008000cd8                HAL_GetHalVersion
 *fill*         0x0000000008000cde        0x2 
 .text.HAL_GetREVID
                0x0000000008000ce0        0xc ./build/stm32l4xx_hal.o
                0x0000000008000ce0                HAL_GetREVID
 .text.HAL_GetDEVID
                0x0000000008000cec       0x10 ./build/stm32l4xx_hal.o
                0x0000000008000cec                HAL_GetDEVID
 .text.HAL_GetUIDw0
                0x0000000008000cfc        0xc ./build/stm32l4xx_hal.o
                0x0000000008000cfc                HAL_GetUIDw0
 .text.HAL_GetUIDw1
                0x0000000008000d08        0xc ./build/stm32l4xx_hal.o
                0x0000000008000d08                HAL_GetUIDw1
 .text.HAL_GetUIDw2
                0x0000000008000d14        0xc ./build/stm32l4xx_hal.o
                0x0000000008000d14                HAL_GetUIDw2
 .text.HAL_DBGMCU_EnableDBGSleepMode
                0x0000000008000d20       0x10 ./build/stm32l4xx_hal.o
                0x0000000008000d20                HAL_DBGMCU_EnableDBGSleepMode
 .text.HAL_DBGMCU_DisableDBGSleepMode
                0x0000000008000d30       0x10 ./build/stm32l4xx_hal.o
                0x0000000008000d30                HAL_DBGMCU_DisableDBGSleepMode
 .text.HAL_DBGMCU_EnableDBGStopMode
                0x0000000008000d40       0x10 ./build/stm32l4xx_hal.o
                0x0000000008000d40                HAL_DBGMCU_EnableDBGStopMode
 .text.HAL_DBGMCU_DisableDBGStopMode
                0x0000000008000d50       0x10 ./build/stm32l4xx_hal.o
                0x0000000008000d50                HAL_DBGMCU_DisableDBGStopMode
 .text.HAL_DBGMCU_EnableDBGStandbyMode
                0x0000000008000d60       0x10 ./build/stm32l4xx_hal.o
                0x0000000008000d60                HAL_DBGMCU_EnableDBGStandbyMode
 .text.HAL_DBGMCU_DisableDBGStandbyMode
                0x0000000008000d70       0x10 ./build/stm32l4xx_hal.o
                0x0000000008000d70                HAL_DBGMCU_DisableDBGStandbyMode
 .text.HAL_SYSCFG_SRAM2Erase
                0x0000000008000d80       0x1c ./build/stm32l4xx_hal.o
                0x0000000008000d80                HAL_SYSCFG_SRAM2Erase
 .text.HAL_SYSCFG_EnableMemorySwappingBank
                0x0000000008000d9c        0xc ./build/stm32l4xx_hal.o
                0x0000000008000d9c                HAL_SYSCFG_EnableMemorySwappingBank
 .text.HAL_SYSCFG_DisableMemorySwappingBank
                0x0000000008000da8        0xc ./build/stm32l4xx_hal.o
                0x0000000008000da8                HAL_SYSCFG_DisableMemorySwappingBank
 .text.HAL_SYSCFG_VREFBUF_VoltageScalingConfig
                0x0000000008000db4       0x14 ./build/stm32l4xx_hal.o
                0x0000000008000db4                HAL_SYSCFG_VREFBUF_VoltageScalingConfig
 .text.HAL_SYSCFG_VREFBUF_HighImpedanceConfig
                0x0000000008000dc8       0x14 ./build/stm32l4xx_hal.o
                0x0000000008000dc8                HAL_SYSCFG_VREFBUF_HighImpedanceConfig
 .text.HAL_SYSCFG_VREFBUF_TrimmingConfig
                0x0000000008000ddc       0x14 ./build/stm32l4xx_hal.o
                0x0000000008000ddc                HAL_SYSCFG_VREFBUF_TrimmingConfig
 .text.HAL_SYSCFG_EnableVREFBUF
                0x0000000008000df0       0x30 ./build/stm32l4xx_hal.o
                0x0000000008000df0                HAL_SYSCFG_EnableVREFBUF
 .text.HAL_SYSCFG_DisableVREFBUF
                0x0000000008000e20       0x10 ./build/stm32l4xx_hal.o
                0x0000000008000e20                HAL_SYSCFG_DisableVREFBUF
 .text.HAL_SYSCFG_EnableIOAnalogSwitchBooster
                0x0000000008000e30       0x10 ./build/stm32l4xx_hal.o
                0x0000000008000e30                HAL_SYSCFG_EnableIOAnalogSwitchBooster
 .text.HAL_SYSCFG_DisableIOAnalogSwitchBooster
                0x0000000008000e40       0x10 ./build/stm32l4xx_hal.o
                0x0000000008000e40                HAL_SYSCFG_DisableIOAnalogSwitchBooster
 .text.HAL_NVIC_SetPriorityGrouping
                0x0000000008000e50       0x24 ./build/stm32l4xx_hal_cortex.o
                0x0000000008000e50                HAL_NVIC_SetPriorityGrouping
 .text.HAL_NVIC_SetPriority
                0x0000000008000e74       0x64 ./build/stm32l4xx_hal_cortex.o
                0x0000000008000e74                HAL_NVIC_SetPriority
 .text.HAL_NVIC_EnableIRQ
                0x0000000008000ed8       0x1c ./build/stm32l4xx_hal_cortex.o
                0x0000000008000ed8                HAL_NVIC_EnableIRQ
 .text.HAL_NVIC_DisableIRQ
                0x0000000008000ef4       0x28 ./build/stm32l4xx_hal_cortex.o
                0x0000000008000ef4                HAL_NVIC_DisableIRQ
 .text.HAL_NVIC_SystemReset
                0x0000000008000f1c       0x24 ./build/stm32l4xx_hal_cortex.o
                0x0000000008000f1c                HAL_NVIC_SystemReset
 .text.HAL_SYSTICK_Config
                0x0000000008000f40       0x2c ./build/stm32l4xx_hal_cortex.o
                0x0000000008000f40                HAL_SYSTICK_Config
 .text.HAL_NVIC_GetPriorityGrouping
                0x0000000008000f6c       0x10 ./build/stm32l4xx_hal_cortex.o
                0x0000000008000f6c                HAL_NVIC_GetPriorityGrouping
 .text.HAL_NVIC_GetPriority
                0x0000000008000f7c       0x5c ./build/stm32l4xx_hal_cortex.o
                0x0000000008000f7c                HAL_NVIC_GetPriority
 .text.HAL_NVIC_SetPendingIRQ
                0x0000000008000fd8       0x20 ./build/stm32l4xx_hal_cortex.o
                0x0000000008000fd8                HAL_NVIC_SetPendingIRQ
 .text.HAL_NVIC_GetPendingIRQ
                0x0000000008000ff8       0x24 ./build/stm32l4xx_hal_cortex.o
                0x0000000008000ff8                HAL_NVIC_GetPendingIRQ
 .text.HAL_NVIC_ClearPendingIRQ
                0x000000000800101c       0x20 ./build/stm32l4xx_hal_cortex.o
                0x000000000800101c                HAL_NVIC_ClearPendingIRQ
 .text.HAL_NVIC_GetActive
                0x000000000800103c       0x24 ./build/stm32l4xx_hal_cortex.o
                0x000000000800103c                HAL_NVIC_GetActive
 .text.HAL_SYSTICK_CLKSourceConfig
                0x0000000008001060       0x18 ./build/stm32l4xx_hal_cortex.o
                0x0000000008001060                HAL_SYSTICK_CLKSourceConfig
 .text.HAL_SYSTICK_Callback
                0x0000000008001078        0x2 ./build/stm32l4xx_hal_cortex.o
                0x0000000008001078                HAL_SYSTICK_Callback
 .text.HAL_SYSTICK_IRQHandler
                0x000000000800107a        0x8 ./build/stm32l4xx_hal_cortex.o
                0x000000000800107a                HAL_SYSTICK_IRQHandler
 *fill*         0x0000000008001082        0x2 
 .text.HAL_MPU_Disable
                0x0000000008001084       0x20 ./build/stm32l4xx_hal_cortex.o
                0x0000000008001084                HAL_MPU_Disable
 .text.HAL_MPU_Enable
                0x00000000080010a4       0x24 ./build/stm32l4xx_hal_cortex.o
                0x00000000080010a4                HAL_MPU_Enable
 .text.HAL_MPU_ConfigRegion
                0x00000000080010c8       0x50 ./build/stm32l4xx_hal_cortex.o
                0x00000000080010c8                HAL_MPU_ConfigRegion
 .text.RCC_SetFlashLatencyFromMSIRange
                0x0000000008001118       0x84 ./build/stm32l4xx_hal_rcc.o
 .text.HAL_RCC_DeInit
                0x000000000800119c       0xe0 ./build/stm32l4xx_hal_rcc.o
                0x000000000800119c                HAL_RCC_DeInit
 .text.HAL_RCC_MCOConfig
                0x000000000800127c       0x50 ./build/stm32l4xx_hal_rcc.o
                0x000000000800127c                HAL_RCC_MCOConfig
 .text.HAL_RCC_GetSysClockFreq
                0x00000000080012cc       0x9c ./build/stm32l4xx_hal_rcc.o
                0x00000000080012cc                HAL_RCC_GetSysClockFreq
 .text.HAL_RCC_OscConfig
                0x0000000008001368      0x4c4 ./build/stm32l4xx_hal_rcc.o
                0x0000000008001368                HAL_RCC_OscConfig
 .text.HAL_RCC_ClockConfig
                0x000000000800182c      0x128 ./build/stm32l4xx_hal_rcc.o
                0x000000000800182c                HAL_RCC_ClockConfig
 .text.HAL_RCC_GetHCLKFreq
                0x0000000008001954        0xc ./build/stm32l4xx_hal_rcc.o
                0x0000000008001954                HAL_RCC_GetHCLKFreq
 .text.HAL_RCC_GetPCLK1Freq
                0x0000000008001960       0x24 ./build/stm32l4xx_hal_rcc.o
                0x0000000008001960                HAL_RCC_GetPCLK1Freq
 .text.HAL_RCC_GetPCLK2Freq
                0x0000000008001984       0x24 ./build/stm32l4xx_hal_rcc.o
                0x0000000008001984                HAL_RCC_GetPCLK2Freq
 .text.HAL_RCC_GetOscConfig
                0x00000000080019a8       0xc4 ./build/stm32l4xx_hal_rcc.o
                0x00000000080019a8                HAL_RCC_GetOscConfig
 .text.HAL_RCC_GetClockConfig
                0x0000000008001a6c       0x3c ./build/stm32l4xx_hal_rcc.o
                0x0000000008001a6c                HAL_RCC_GetClockConfig
 .text.HAL_RCC_EnableCSS
                0x0000000008001aa8       0x10 ./build/stm32l4xx_hal_rcc.o
                0x0000000008001aa8                HAL_RCC_EnableCSS
 .text.HAL_RCC_CSSCallback
                0x0000000008001ab8        0x2 ./build/stm32l4xx_hal_rcc.o
                0x0000000008001ab8                HAL_RCC_CSSCallback
 *fill*         0x0000000008001aba        0x2 
 .text.HAL_RCC_NMI_IRQHandler
                0x0000000008001abc       0x1c ./build/stm32l4xx_hal_rcc.o
                0x0000000008001abc                HAL_RCC_NMI_IRQHandler
 .text.HAL_PWREx_GetVoltageRange
                0x0000000008001ad8       0x10 ./build/stm32l4xx_hal_pwr_ex.o
                0x0000000008001ad8                HAL_PWREx_GetVoltageRange
 .text.HAL_PWREx_ControlVoltageScaling
                0x0000000008001ae8       0x6c ./build/stm32l4xx_hal_pwr_ex.o
                0x0000000008001ae8                HAL_PWREx_ControlVoltageScaling
 .text.HAL_PWREx_EnableBatteryCharging
                0x0000000008001b54       0x1c ./build/stm32l4xx_hal_pwr_ex.o
                0x0000000008001b54                HAL_PWREx_EnableBatteryCharging
 .text.HAL_PWREx_DisableBatteryCharging
                0x0000000008001b70       0x10 ./build/stm32l4xx_hal_pwr_ex.o
                0x0000000008001b70                HAL_PWREx_DisableBatteryCharging
 .text.HAL_PWREx_EnableVddUSB
                0x0000000008001b80       0x10 ./build/stm32l4xx_hal_pwr_ex.o
                0x0000000008001b80                HAL_PWREx_EnableVddUSB
 .text.HAL_PWREx_DisableVddUSB
                0x0000000008001b90       0x10 ./build/stm32l4xx_hal_pwr_ex.o
                0x0000000008001b90                HAL_PWREx_DisableVddUSB
 .text.HAL_PWREx_EnableVddIO2
                0x0000000008001ba0       0x10 ./build/stm32l4xx_hal_pwr_ex.o
                0x0000000008001ba0                HAL_PWREx_EnableVddIO2
 .text.HAL_PWREx_DisableVddIO2
                0x0000000008001bb0       0x10 ./build/stm32l4xx_hal_pwr_ex.o
                0x0000000008001bb0                HAL_PWREx_DisableVddIO2
 .text.HAL_PWREx_EnableInternalWakeUpLine
                0x0000000008001bc0       0x10 ./build/stm32l4xx_hal_pwr_ex.o
                0x0000000008001bc0                HAL_PWREx_EnableInternalWakeUpLine
 .text.HAL_PWREx_DisableInternalWakeUpLine
                0x0000000008001bd0       0x10 ./build/stm32l4xx_hal_pwr_ex.o
                0x0000000008001bd0                HAL_PWREx_DisableInternalWakeUpLine
 .text.HAL_PWREx_EnableGPIOPullUp
                0x0000000008001be0       0xbc ./build/stm32l4xx_hal_pwr_ex.o
                0x0000000008001be0                HAL_PWREx_EnableGPIOPullUp
 .text.HAL_PWREx_DisableGPIOPullUp
                0x0000000008001c9c       0x84 ./build/stm32l4xx_hal_pwr_ex.o
                0x0000000008001c9c                HAL_PWREx_DisableGPIOPullUp
 .text.HAL_PWREx_EnableGPIOPullDown
                0x0000000008001d20       0xbc ./build/stm32l4xx_hal_pwr_ex.o
                0x0000000008001d20                HAL_PWREx_EnableGPIOPullDown
 .text.HAL_PWREx_DisableGPIOPullDown
                0x0000000008001ddc       0x88 ./build/stm32l4xx_hal_pwr_ex.o
                0x0000000008001ddc                HAL_PWREx_DisableGPIOPullDown
 .text.HAL_PWREx_EnablePullUpPullDownConfig
                0x0000000008001e64       0x10 ./build/stm32l4xx_hal_pwr_ex.o
                0x0000000008001e64                HAL_PWREx_EnablePullUpPullDownConfig
 .text.HAL_PWREx_DisablePullUpPullDownConfig
                0x0000000008001e74       0x10 ./build/stm32l4xx_hal_pwr_ex.o
                0x0000000008001e74                HAL_PWREx_DisablePullUpPullDownConfig
 .text.HAL_PWREx_EnableSRAM2ContentRetention
                0x0000000008001e84       0x10 ./build/stm32l4xx_hal_pwr_ex.o
                0x0000000008001e84                HAL_PWREx_EnableSRAM2ContentRetention
 .text.HAL_PWREx_DisableSRAM2ContentRetention
                0x0000000008001e94       0x10 ./build/stm32l4xx_hal_pwr_ex.o
                0x0000000008001e94                HAL_PWREx_DisableSRAM2ContentRetention
 .text.HAL_PWREx_EnablePVM1
                0x0000000008001ea4       0x10 ./build/stm32l4xx_hal_pwr_ex.o
                0x0000000008001ea4                HAL_PWREx_EnablePVM1
 .text.HAL_PWREx_DisablePVM1
                0x0000000008001eb4       0x10 ./build/stm32l4xx_hal_pwr_ex.o
                0x0000000008001eb4                HAL_PWREx_DisablePVM1
 .text.HAL_PWREx_EnablePVM2
                0x0000000008001ec4       0x10 ./build/stm32l4xx_hal_pwr_ex.o
                0x0000000008001ec4                HAL_PWREx_EnablePVM2
 .text.HAL_PWREx_DisablePVM2
                0x0000000008001ed4       0x10 ./build/stm32l4xx_hal_pwr_ex.o
                0x0000000008001ed4                HAL_PWREx_DisablePVM2
 .text.HAL_PWREx_EnablePVM3
                0x0000000008001ee4       0x10 ./build/stm32l4xx_hal_pwr_ex.o
                0x0000000008001ee4                HAL_PWREx_EnablePVM3
 .text.HAL_PWREx_DisablePVM3
                0x0000000008001ef4       0x10 ./build/stm32l4xx_hal_pwr_ex.o
                0x0000000008001ef4                HAL_PWREx_DisablePVM3
 .text.HAL_PWREx_EnablePVM4
                0x0000000008001f04       0x10 ./build/stm32l4xx_hal_pwr_ex.o
                0x0000000008001f04                HAL_PWREx_EnablePVM4
 .text.HAL_PWREx_DisablePVM4
                0x0000000008001f14       0x10 ./build/stm32l4xx_hal_pwr_ex.o
                0x0000000008001f14                HAL_PWREx_DisablePVM4
 .text.HAL_PWREx_ConfigPVM
                0x0000000008001f24      0x174 ./build/stm32l4xx_hal_pwr_ex.o
                0x0000000008001f24                HAL_PWREx_ConfigPVM
 .text.HAL_PWREx_EnableLowPowerRunMode
                0x0000000008002098       0x10 ./build/stm32l4xx_hal_pwr_ex.o
                0x0000000008002098                HAL_PWREx_EnableLowPowerRunMode
 .text.HAL_PWREx_DisableLowPowerRunMode
                0x00000000080020a8       0x44 ./build/stm32l4xx_hal_pwr_ex.o
                0x00000000080020a8                HAL_PWREx_DisableLowPowerRunMode
 .text.HAL_PWREx_EnterSTOP0Mode
                0x00000000080020ec       0x34 ./build/stm32l4xx_hal_pwr_ex.o
                0x00000000080020ec                HAL_PWREx_EnterSTOP0Mode
 .text.HAL_PWREx_EnterSTOP1Mode
                0x0000000008002120       0x38 ./build/stm32l4xx_hal_pwr_ex.o
                0x0000000008002120                HAL_PWREx_EnterSTOP1Mode
 .text.HAL_PWREx_EnterSTOP2Mode
                0x0000000008002158       0x38 ./build/stm32l4xx_hal_pwr_ex.o
                0x0000000008002158                HAL_PWREx_EnterSTOP2Mode
 .text.HAL_PWREx_EnterSHUTDOWNMode
                0x0000000008002190       0x24 ./build/stm32l4xx_hal_pwr_ex.o
                0x0000000008002190                HAL_PWREx_EnterSHUTDOWNMode
 .text.HAL_PWREx_PVM1Callback
                0x00000000080021b4        0x2 ./build/stm32l4xx_hal_pwr_ex.o
                0x00000000080021b4                HAL_PWREx_PVM1Callback
 .text.HAL_PWREx_PVM2Callback
                0x00000000080021b6        0x2 ./build/stm32l4xx_hal_pwr_ex.o
                0x00000000080021b6                HAL_PWREx_PVM2Callback
 .text.HAL_PWREx_PVM3Callback
                0x00000000080021b8        0x2 ./build/stm32l4xx_hal_pwr_ex.o
                0x00000000080021b8                HAL_PWREx_PVM3Callback
 .text.HAL_PWREx_PVM4Callback
                0x00000000080021ba        0x2 ./build/stm32l4xx_hal_pwr_ex.o
                0x00000000080021ba                HAL_PWREx_PVM4Callback
 .text.HAL_PWREx_PVD_PVM_IRQHandler
                0x00000000080021bc       0x54 ./build/stm32l4xx_hal_pwr_ex.o
                0x00000000080021bc                HAL_PWREx_PVD_PVM_IRQHandler
 .text.HAL_GPIO_Init
                0x0000000008002210      0x1bc ./build/stm32l4xx_hal_gpio.o
                0x0000000008002210                HAL_GPIO_Init
 .text.HAL_GPIO_DeInit
                0x00000000080023cc      0x11c ./build/stm32l4xx_hal_gpio.o
                0x00000000080023cc                HAL_GPIO_DeInit
 .text.HAL_GPIO_ReadPin
                0x00000000080024e8        0xc ./build/stm32l4xx_hal_gpio.o
                0x00000000080024e8                HAL_GPIO_ReadPin
 .text.HAL_GPIO_WritePin
                0x00000000080024f4        0xa ./build/stm32l4xx_hal_gpio.o
                0x00000000080024f4                HAL_GPIO_WritePin
 .text.HAL_GPIO_TogglePin
                0x00000000080024fe        0xc ./build/stm32l4xx_hal_gpio.o
                0x00000000080024fe                HAL_GPIO_TogglePin
 .text.HAL_GPIO_LockPin
                0x000000000800250a       0x2a ./build/stm32l4xx_hal_gpio.o
                0x000000000800250a                HAL_GPIO_LockPin
 .text.HAL_GPIO_EXTI_Callback
                0x0000000008002534        0x2 ./build/stm32l4xx_hal_gpio.o
                0x0000000008002534                HAL_GPIO_EXTI_Callback
 *fill*         0x0000000008002536        0x2 
 .text.HAL_GPIO_EXTI_IRQHandler
                0x0000000008002538       0x18 ./build/stm32l4xx_hal_gpio.o
                0x0000000008002538                HAL_GPIO_EXTI_IRQHandler
 .text.HAL_PWR_DeInit
                0x0000000008002550       0x18 ./build/stm32l4xx_hal_pwr.o
                0x0000000008002550                HAL_PWR_DeInit
 .text.HAL_PWR_EnableBkUpAccess
                0x0000000008002568       0x10 ./build/stm32l4xx_hal_pwr.o
                0x0000000008002568                HAL_PWR_EnableBkUpAccess
 .text.HAL_PWR_DisableBkUpAccess
                0x0000000008002578       0x10 ./build/stm32l4xx_hal_pwr.o
                0x0000000008002578                HAL_PWR_DisableBkUpAccess
 .text.HAL_PWR_ConfigPVD
                0x0000000008002588       0x70 ./build/stm32l4xx_hal_pwr.o
                0x0000000008002588                HAL_PWR_ConfigPVD
 .text.HAL_PWR_EnablePVD
                0x00000000080025f8       0x10 ./build/stm32l4xx_hal_pwr.o
                0x00000000080025f8                HAL_PWR_EnablePVD
 .text.HAL_PWR_DisablePVD
                0x0000000008002608       0x10 ./build/stm32l4xx_hal_pwr.o
                0x0000000008002608                HAL_PWR_DisablePVD
 .text.HAL_PWR_EnableWakeUpPin
                0x0000000008002618       0x20 ./build/stm32l4xx_hal_pwr.o
                0x0000000008002618                HAL_PWR_EnableWakeUpPin
 .text.HAL_PWR_DisableWakeUpPin
                0x0000000008002638       0x14 ./build/stm32l4xx_hal_pwr.o
                0x0000000008002638                HAL_PWR_DisableWakeUpPin
 .text.HAL_PWR_EnterSLEEPMode
                0x000000000800264c       0x40 ./build/stm32l4xx_hal_pwr.o
                0x000000000800264c                HAL_PWR_EnterSLEEPMode
 .text.HAL_PWR_EnterSTOPMode
                0x000000000800268c       0x12 ./build/stm32l4xx_hal_pwr.o
                0x000000000800268c                HAL_PWR_EnterSTOPMode
 *fill*         0x000000000800269e        0x2 
 .text.HAL_PWR_EnterSTANDBYMode
                0x00000000080026a0       0x24 ./build/stm32l4xx_hal_pwr.o
                0x00000000080026a0                HAL_PWR_EnterSTANDBYMode
 .text.HAL_PWR_EnableSleepOnExit
                0x00000000080026c4       0x10 ./build/stm32l4xx_hal_pwr.o
                0x00000000080026c4                HAL_PWR_EnableSleepOnExit
 .text.HAL_PWR_DisableSleepOnExit
                0x00000000080026d4       0x10 ./build/stm32l4xx_hal_pwr.o
                0x00000000080026d4                HAL_PWR_DisableSleepOnExit
 .text.HAL_PWR_EnableSEVOnPend
                0x00000000080026e4       0x10 ./build/stm32l4xx_hal_pwr.o
                0x00000000080026e4                HAL_PWR_EnableSEVOnPend
 .text.HAL_PWR_DisableSEVOnPend
                0x00000000080026f4       0x10 ./build/stm32l4xx_hal_pwr.o
                0x00000000080026f4                HAL_PWR_DisableSEVOnPend
 .text.HAL_PWR_PVDCallback
                0x0000000008002704        0x2 ./build/stm32l4xx_hal_pwr.o
                0x0000000008002704                HAL_PWR_PVDCallback
 .text.UART_EndRxTransfer
                0x0000000008002706       0x1c ./build/stm32l4xx_hal_uart.o
 .text.UART_TxISR_8BIT
                0x0000000008002722       0x3a ./build/stm32l4xx_hal_uart.o
 .text.UART_TxISR_16BIT
                0x000000000800275c       0x3e ./build/stm32l4xx_hal_uart.o
 .text.HAL_UART_MspInit
                0x000000000800279a        0x2 ./build/stm32l4xx_hal_uart.o
 .text.HAL_UART_MspDeInit
                0x000000000800279c        0x2 ./build/stm32l4xx_hal_uart.o
 .text.HAL_UART_DeInit
                0x000000000800279e       0x32 ./build/stm32l4xx_hal_uart.o
                0x000000000800279e                HAL_UART_DeInit
 .text.HAL_UART_Transmit_IT
                0x00000000080027d0       0x64 ./build/stm32l4xx_hal_uart.o
                0x00000000080027d0                HAL_UART_Transmit_IT
 .text.HAL_UART_Receive_IT
                0x0000000008002834       0xb0 ./build/stm32l4xx_hal_uart.o
                0x0000000008002834                HAL_UART_Receive_IT
 .text.HAL_UART_Transmit_DMA
                0x00000000080028e4       0x8c ./build/stm32l4xx_hal_uart.o
                0x00000000080028e4                HAL_UART_Transmit_DMA
 .text.HAL_UART_Receive_DMA
                0x0000000008002970       0x90 ./build/stm32l4xx_hal_uart.o
                0x0000000008002970                HAL_UART_Receive_DMA
 .text.HAL_UART_DMAPause
                0x0000000008002a00       0x58 ./build/stm32l4xx_hal_uart.o
                0x0000000008002a00                HAL_UART_DMAPause
 .text.HAL_UART_DMAResume
                0x0000000008002a58       0x50 ./build/stm32l4xx_hal_uart.o
                0x0000000008002a58                HAL_UART_DMAResume
 .text.HAL_UART_DMAStop
                0x0000000008002aa8       0x7a ./build/stm32l4xx_hal_uart.o
                0x0000000008002aa8                HAL_UART_DMAStop
 .text.HAL_UART_Abort
                0x0000000008002b22       0x90 ./build/stm32l4xx_hal_uart.o
                0x0000000008002b22                HAL_UART_Abort
 .text.HAL_UART_AbortTransmit
                0x0000000008002bb2       0x48 ./build/stm32l4xx_hal_uart.o
                0x0000000008002bb2                HAL_UART_AbortTransmit
 .text.HAL_UART_AbortReceive
                0x0000000008002bfa       0x60 ./build/stm32l4xx_hal_uart.o
                0x0000000008002bfa                HAL_UART_AbortReceive
 .text.HAL_UART_TxCpltCallback
                0x0000000008002c5a        0x2 ./build/stm32l4xx_hal_uart.o
                0x0000000008002c5a                HAL_UART_TxCpltCallback
 .text.UART_DMATransmitCplt
                0x0000000008002c5c       0x2e ./build/stm32l4xx_hal_uart.o
 .text.HAL_UART_TxHalfCpltCallback
                0x0000000008002c8a        0x2 ./build/stm32l4xx_hal_uart.o
                0x0000000008002c8a                HAL_UART_TxHalfCpltCallback
 .text.UART_DMATxHalfCplt
                0x0000000008002c8c        0xa ./build/stm32l4xx_hal_uart.o
 .text.HAL_UART_RxCpltCallback
                0x0000000008002c96        0x2 ./build/stm32l4xx_hal_uart.o
                0x0000000008002c96                HAL_UART_RxCpltCallback
 .text.UART_RxISR_8BIT
                0x0000000008002c98       0x5a ./build/stm32l4xx_hal_uart.o
 .text.UART_RxISR_16BIT
                0x0000000008002cf2       0x56 ./build/stm32l4xx_hal_uart.o
 .text.UART_DMAReceiveCplt
                0x0000000008002d48       0x38 ./build/stm32l4xx_hal_uart.o
 .text.HAL_UART_RxHalfCpltCallback
                0x0000000008002d80        0x2 ./build/stm32l4xx_hal_uart.o
                0x0000000008002d80                HAL_UART_RxHalfCpltCallback
 .text.UART_DMARxHalfCplt
                0x0000000008002d82        0xa ./build/stm32l4xx_hal_uart.o
 .text.HAL_UART_ErrorCallback
                0x0000000008002d8c        0x2 ./build/stm32l4xx_hal_uart.o
                0x0000000008002d8c                HAL_UART_ErrorCallback
 .text.UART_DMAError
                0x0000000008002d8e       0x48 ./build/stm32l4xx_hal_uart.o
 *fill*         0x0000000008002dd6        0x2 
 .text.HAL_UART_IRQHandler
                0x0000000008002dd8      0x12c ./build/stm32l4xx_hal_uart.o
                0x0000000008002dd8                HAL_UART_IRQHandler
 .text.UART_DMAAbortOnError
                0x0000000008002f04       0x14 ./build/stm32l4xx_hal_uart.o
 .text.HAL_UART_AbortCpltCallback
                0x0000000008002f18        0x2 ./build/stm32l4xx_hal_uart.o
                0x0000000008002f18                HAL_UART_AbortCpltCallback
 *fill*         0x0000000008002f1a        0x2 
 .text.HAL_UART_Abort_IT
                0x0000000008002f1c       0xbc ./build/stm32l4xx_hal_uart.o
                0x0000000008002f1c                HAL_UART_Abort_IT
 .text.UART_DMARxAbortCallback
                0x0000000008002fd8       0x38 ./build/stm32l4xx_hal_uart.o
 .text.UART_DMATxAbortCallback
                0x0000000008003010       0x2e ./build/stm32l4xx_hal_uart.o
 .text.HAL_UART_AbortTransmitCpltCallback
                0x000000000800303e        0x2 ./build/stm32l4xx_hal_uart.o
                0x000000000800303e                HAL_UART_AbortTransmitCpltCallback
 .text.HAL_UART_AbortTransmit_IT
                0x0000000008003040       0x4c ./build/stm32l4xx_hal_uart.o
                0x0000000008003040                HAL_UART_AbortTransmit_IT
 .text.UART_DMATxOnlyAbortCallback
                0x000000000800308c       0x14 ./build/stm32l4xx_hal_uart.o
 .text.HAL_UART_AbortReceiveCpltCallback
                0x00000000080030a0        0x2 ./build/stm32l4xx_hal_uart.o
                0x00000000080030a0                HAL_UART_AbortReceiveCpltCallback
 *fill*         0x00000000080030a2        0x2 
 .text.HAL_UART_AbortReceive_IT
                0x00000000080030a4       0x70 ./build/stm32l4xx_hal_uart.o
                0x00000000080030a4                HAL_UART_AbortReceive_IT
 .text.UART_DMARxOnlyAbortCallback
                0x0000000008003114       0x24 ./build/stm32l4xx_hal_uart.o
 .text.HAL_MultiProcessor_EnterMuteMode
                0x0000000008003138        0xe ./build/stm32l4xx_hal_uart.o
                0x0000000008003138                HAL_MultiProcessor_EnterMuteMode
 .text.HAL_HalfDuplex_EnableTransmitter
                0x0000000008003146       0x30 ./build/stm32l4xx_hal_uart.o
                0x0000000008003146                HAL_HalfDuplex_EnableTransmitter
 .text.HAL_HalfDuplex_EnableReceiver
                0x0000000008003176       0x30 ./build/stm32l4xx_hal_uart.o
                0x0000000008003176                HAL_HalfDuplex_EnableReceiver
 .text.HAL_LIN_SendBreak
                0x00000000080031a6       0x2a ./build/stm32l4xx_hal_uart.o
                0x00000000080031a6                HAL_LIN_SendBreak
 .text.HAL_UART_GetState
                0x00000000080031d0        0x8 ./build/stm32l4xx_hal_uart.o
                0x00000000080031d0                HAL_UART_GetState
 .text.HAL_UART_GetError
                0x00000000080031d8        0x4 ./build/stm32l4xx_hal_uart.o
                0x00000000080031d8                HAL_UART_GetError
 .text.UART_SetConfig
                0x00000000080031dc      0x330 ./build/stm32l4xx_hal_uart.o
                0x00000000080031dc                UART_SetConfig
 .text.UART_AdvFeatureConfig
                0x000000000800350c       0xa8 ./build/stm32l4xx_hal_uart.o
                0x000000000800350c                UART_AdvFeatureConfig
 .text.UART_WaitOnFlagUntilTimeout
                0x00000000080035b4       0x60 ./build/stm32l4xx_hal_uart.o
                0x00000000080035b4                UART_WaitOnFlagUntilTimeout
 .text.HAL_UART_Transmit
                0x0000000008003614       0xb0 ./build/stm32l4xx_hal_uart.o
                0x0000000008003614                HAL_UART_Transmit
 .text.HAL_UART_Receive
                0x00000000080036c4       0xe6 ./build/stm32l4xx_hal_uart.o
                0x00000000080036c4                HAL_UART_Receive
 .text.UART_CheckIdleState
                0x00000000080037aa       0x62 ./build/stm32l4xx_hal_uart.o
                0x00000000080037aa                UART_CheckIdleState
 .text.HAL_UART_Init
                0x000000000800380c       0x5c ./build/stm32l4xx_hal_uart.o
                0x000000000800380c                HAL_UART_Init
 .text.HAL_HalfDuplex_Init
                0x0000000008003868       0x64 ./build/stm32l4xx_hal_uart.o
                0x0000000008003868                HAL_HalfDuplex_Init
 .text.HAL_LIN_Init
                0x00000000080038cc       0x80 ./build/stm32l4xx_hal_uart.o
                0x00000000080038cc                HAL_LIN_Init
 .text.HAL_MultiProcessor_Init
                0x000000000800394c       0x7e ./build/stm32l4xx_hal_uart.o
                0x000000000800394c                HAL_MultiProcessor_Init
 .text.HAL_MultiProcessor_EnableMuteMode
                0x00000000080039ca       0x28 ./build/stm32l4xx_hal_uart.o
                0x00000000080039ca                HAL_MultiProcessor_EnableMuteMode
 .text.HAL_MultiProcessor_DisableMuteMode
                0x00000000080039f2       0x28 ./build/stm32l4xx_hal_uart.o
                0x00000000080039f2                HAL_MultiProcessor_DisableMuteMode
 *fill*         0x0000000008003a1a        0x2 
 .text.HAL_DMA_Init
                0x0000000008003a1c       0xd4 ./build/stm32l4xx_hal_dma.o
                0x0000000008003a1c                HAL_DMA_Init
 .text.HAL_DMA_DeInit
                0x0000000008003af0       0x9c ./build/stm32l4xx_hal_dma.o
                0x0000000008003af0                HAL_DMA_DeInit
 .text.HAL_DMA_Start
                0x0000000008003b8c       0x62 ./build/stm32l4xx_hal_dma.o
                0x0000000008003b8c                HAL_DMA_Start
 .text.HAL_DMA_Start_IT
                0x0000000008003bee       0x7e ./build/stm32l4xx_hal_dma.o
                0x0000000008003bee                HAL_DMA_Start_IT
 .text.HAL_DMA_Abort
                0x0000000008003c6c       0x46 ./build/stm32l4xx_hal_dma.o
                0x0000000008003c6c                HAL_DMA_Abort
 .text.HAL_DMA_Abort_IT
                0x0000000008003cb2       0x4c ./build/stm32l4xx_hal_dma.o
                0x0000000008003cb2                HAL_DMA_Abort_IT
 .text.HAL_DMA_PollForTransfer
                0x0000000008003cfe       0xce ./build/stm32l4xx_hal_dma.o
                0x0000000008003cfe                HAL_DMA_PollForTransfer
 .text.HAL_DMA_IRQHandler
                0x0000000008003dcc       0x94 ./build/stm32l4xx_hal_dma.o
                0x0000000008003dcc                HAL_DMA_IRQHandler
 .text.HAL_DMA_RegisterCallback
                0x0000000008003e60       0x44 ./build/stm32l4xx_hal_dma.o
                0x0000000008003e60                HAL_DMA_RegisterCallback
 .text.HAL_DMA_UnRegisterCallback
                0x0000000008003ea4       0x54 ./build/stm32l4xx_hal_dma.o
                0x0000000008003ea4                HAL_DMA_UnRegisterCallback
 .text.HAL_DMA_GetState
                0x0000000008003ef8        0x6 ./build/stm32l4xx_hal_dma.o
                0x0000000008003ef8                HAL_DMA_GetState
 .text.HAL_DMA_GetError
                0x0000000008003efe        0x4 ./build/stm32l4xx_hal_dma.o
                0x0000000008003efe                HAL_DMA_GetError
 .text.HAL_RS485Ex_Init
                0x0000000008003f02       0x80 ./build/stm32l4xx_hal_uart_ex.o
                0x0000000008003f02                HAL_RS485Ex_Init
 .text.HAL_UARTEx_WakeupCallback
                0x0000000008003f82        0x2 ./build/stm32l4xx_hal_uart_ex.o
                0x0000000008003f82                HAL_UARTEx_WakeupCallback
 .text.HAL_UARTEx_EnableClockStopMode
                0x0000000008003f84       0x20 ./build/stm32l4xx_hal_uart_ex.o
                0x0000000008003f84                HAL_UARTEx_EnableClockStopMode
 .text.HAL_UARTEx_DisableClockStopMode
                0x0000000008003fa4       0x20 ./build/stm32l4xx_hal_uart_ex.o
                0x0000000008003fa4                HAL_UARTEx_DisableClockStopMode
 .text.HAL_MultiProcessorEx_AddressLength_Set
                0x0000000008003fc4       0x2a ./build/stm32l4xx_hal_uart_ex.o
                0x0000000008003fc4                HAL_MultiProcessorEx_AddressLength_Set
 .text.HAL_UARTEx_StopModeWakeUpSourceConfig
                0x0000000008003fee       0x8a ./build/stm32l4xx_hal_uart_ex.o
                0x0000000008003fee                HAL_UARTEx_StopModeWakeUpSourceConfig
 .text.HAL_UARTEx_EnableStopMode
                0x0000000008004078       0x20 ./build/stm32l4xx_hal_uart_ex.o
                0x0000000008004078                HAL_UARTEx_EnableStopMode
 .text.HAL_UARTEx_DisableStopMode
                0x0000000008004098       0x20 ./build/stm32l4xx_hal_uart_ex.o
                0x0000000008004098                HAL_UARTEx_DisableStopMode
 .text.HAL_WWDG_MspInit
                0x00000000080040b8        0x2 ./build/stm32l4xx_hal_wwdg.o
 .text.HAL_WWDG_Init
                0x00000000080040ba       0x28 ./build/stm32l4xx_hal_wwdg.o
                0x00000000080040ba                HAL_WWDG_Init
 .text.HAL_WWDG_Refresh
                0x00000000080040e2        0xa ./build/stm32l4xx_hal_wwdg.o
                0x00000000080040e2                HAL_WWDG_Refresh
 .text.HAL_WWDG_EarlyWakeupCallback
                0x00000000080040ec        0x2 ./build/stm32l4xx_hal_wwdg.o
                0x00000000080040ec                HAL_WWDG_EarlyWakeupCallback
 .text.HAL_WWDG_IRQHandler
                0x00000000080040ee       0x1c ./build/stm32l4xx_hal_wwdg.o
                0x00000000080040ee                HAL_WWDG_IRQHandler
 *fill*         0x000000000800410a        0x2 
 .text.SystemInit
                0x000000000800410c       0x48 ./build/system_stm32l4xx.o
                0x000000000800410c                SystemInit
 .text.SystemCoreClockUpdate
                0x0000000008004154       0xa8 ./build/system_stm32l4xx.o
                0x0000000008004154                SystemCoreClockUpdate
 .text.Reset_Handler
                0x00000000080041fc       0x50 build/stm32l476_startup.o
                0x00000000080041fc                Reset_Handler
 .text.Default_Handler
                0x000000000800424c        0x2 build/stm32l476_startup.o
                0x000000000800424c                RTC_Alarm_IRQHandler
                0x000000000800424c                EXTI2_IRQHandler
                0x000000000800424c                TIM8_TRG_COM_IRQHandler
                0x000000000800424c                TIM8_CC_IRQHandler
                0x000000000800424c                TIM1_CC_IRQHandler
                0x000000000800424c                TSC_IRQHandler
                0x000000000800424c                TAMP_STAMP_IRQHandler
                0x000000000800424c                EXTI3_IRQHandler
                0x000000000800424c                LPTIM2_IRQHandler
                0x000000000800424c                DFSDM1_FLT1_IRQHandler
                0x000000000800424c                I2C3_ER_IRQHandler
                0x000000000800424c                DFSDM1_FLT2_IRQHandler
                0x000000000800424c                EXTI0_IRQHandler
                0x000000000800424c                I2C2_EV_IRQHandler
                0x000000000800424c                CAN1_RX0_IRQHandler
                0x000000000800424c                FPU_IRQHandler
                0x000000000800424c                TIM1_UP_TIM16_IRQHandler
                0x000000000800424c                ADC1_2_IRQHandler
                0x000000000800424c                SPI1_IRQHandler
                0x000000000800424c                TIM6_DAC_IRQHandler
                0x000000000800424c                TIM8_UP_IRQHandler
                0x000000000800424c                DMA2_Channel2_IRQHandler
                0x000000000800424c                DMA1_Channel4_IRQHandler
                0x000000000800424c                SAI2_IRQHandler
                0x000000000800424c                DFSDM1_FLT3_IRQHandler
                0x000000000800424c                USART3_IRQHandler
                0x000000000800424c                DMA1_Channel7_IRQHandler
                0x000000000800424c                CAN1_RX1_IRQHandler
                0x000000000800424c                LCD_IRQHandler
                0x000000000800424c                UART5_IRQHandler
                0x000000000800424c                ADC3_IRQHandler
                0x000000000800424c                TIM4_IRQHandler
                0x000000000800424c                DMA2_Channel1_IRQHandler
                0x000000000800424c                QUADSPI_IRQHandler
                0x000000000800424c                I2C1_EV_IRQHandler
                0x000000000800424c                DMA1_Channel6_IRQHandler
                0x000000000800424c                UART4_IRQHandler
                0x000000000800424c                DMA2_Channel4_IRQHandler
                0x000000000800424c                TIM3_IRQHandler
                0x000000000800424c                RCC_IRQHandler
                0x000000000800424c                DMA1_Channel1_IRQHandler
                0x000000000800424c                Default_Handler
                0x000000000800424c                DMA2_Channel7_IRQHandler
                0x000000000800424c                TIM7_IRQHandler
                0x000000000800424c                SDMMC1_IRQHandler
                0x000000000800424c                TIM5_IRQHandler
                0x000000000800424c                I2C3_EV_IRQHandler
                0x000000000800424c                EXTI9_5_IRQHandler
                0x000000000800424c                RTC_WKUP_IRQHandler
                0x000000000800424c                PVD_PVM_IRQHandler
                0x000000000800424c                SPI2_IRQHandler
                0x000000000800424c                CAN1_TX_IRQHandler
                0x000000000800424c                DMA2_Channel5_IRQHandler
                0x000000000800424c                DMA1_Channel5_IRQHandler
                0x000000000800424c                EXTI4_IRQHandler
                0x000000000800424c                RNG_IRQHandler
                0x000000000800424c                TIM1_TRG_COM_TIM17_IRQHandler
                0x000000000800424c                DMA1_Channel3_IRQHandler
                0x000000000800424c                COMP_IRQHandler
                0x000000000800424c                WWDG_IRQHandler
                0x000000000800424c                LPUART1_IRQHandler
                0x000000000800424c                DMA2_Channel6_IRQHandler
                0x000000000800424c                TIM2_IRQHandler
                0x000000000800424c                EXTI1_IRQHandler
                0x000000000800424c                DFSDM1_FLT0_IRQHandler
                0x000000000800424c                I2C2_ER_IRQHandler
                0x000000000800424c                DMA1_Channel2_IRQHandler
                0x000000000800424c                TIM8_BRK_IRQHandler
                0x000000000800424c                CAN1_SCE_IRQHandler
                0x000000000800424c                FLASH_IRQHandler
                0x000000000800424c                USART1_IRQHandler
                0x000000000800424c                OTG_FS_IRQHandler
                0x000000000800424c                SPI3_IRQHandler
                0x000000000800424c                I2C1_ER_IRQHandler
                0x000000000800424c                FMC_IRQHandler
                0x000000000800424c                SWPMI1_IRQHandler
                0x000000000800424c                LPTIM1_IRQHandler
                0x000000000800424c                SAI1_IRQHandler
                0x000000000800424c                DMA2_Channel3_IRQHandler
                0x000000000800424c                TIM1_BRK_TIM15_IRQHandler
 *fill*         0x000000000800424e        0x2 
 .text._exit    0x0000000008004250        0x4 /home/dylan/Bureau/Cours/Robotique/_Temps_reel/STM32_2A/gcc-arm-none-eabi-9-2019-q4-major/bin/../lib/gcc/arm-none-eabi/9.2.1/../../../../arm-none-eabi/lib/thumb/v7e-m+fp/hard/libnosys.a(_exit.o)
                0x0000000008004250                _exit
 *(.glue_7)
 .glue_7        0x0000000008004254        0x0 linker stubs
 *(.glue_7t)
 .glue_7t       0x0000000008004254        0x0 linker stubs
 *(.eh_frame)
 .eh_frame      0x0000000008004254        0x0 /home/dylan/Bureau/Cours/Robotique/_Temps_reel/STM32_2A/gcc-arm-none-eabi-9-2019-q4-major/bin/../lib/gcc/arm-none-eabi/9.2.1/thumb/v7e-m+fp/hard/crtbegin.o
 .eh_frame      0x0000000008004254        0x4 /home/dylan/Bureau/Cours/Robotique/_Temps_reel/STM32_2A/gcc-arm-none-eabi-9-2019-q4-major/bin/../lib/gcc/arm-none-eabi/9.2.1/thumb/v7e-m+fp/hard/crtend.o
 *(.init)
 .init          0x0000000008004258        0x4 /home/dylan/Bureau/Cours/Robotique/_Temps_reel/STM32_2A/gcc-arm-none-eabi-9-2019-q4-major/bin/../lib/gcc/arm-none-eabi/9.2.1/thumb/v7e-m+fp/hard/crti.o
                0x0000000008004258                _init
 .init          0x000000000800425c        0x8 /home/dylan/Bureau/Cours/Robotique/_Temps_reel/STM32_2A/gcc-arm-none-eabi-9-2019-q4-major/bin/../lib/gcc/arm-none-eabi/9.2.1/thumb/v7e-m+fp/hard/crtn.o
 *(.fini)
 .fini          0x0000000008004264        0x4 /home/dylan/Bureau/Cours/Robotique/_Temps_reel/STM32_2A/gcc-arm-none-eabi-9-2019-q4-major/bin/../lib/gcc/arm-none-eabi/9.2.1/thumb/v7e-m+fp/hard/crti.o
                0x0000000008004264                _fini
 .fini          0x0000000008004268        0x8 /home/dylan/Bureau/Cours/Robotique/_Temps_reel/STM32_2A/gcc-arm-none-eabi-9-2019-q4-major/bin/../lib/gcc/arm-none-eabi/9.2.1/thumb/v7e-m+fp/hard/crtn.o
                0x0000000008004270                . = ALIGN (0x8)
                0x0000000008004270                _etext = .

.vfp11_veneer   0x0000000008004270        0x0
 .vfp11_veneer  0x0000000008004270        0x0 linker stubs

.v4_bx          0x0000000008004270        0x0
 .v4_bx         0x0000000008004270        0x0 linker stubs

.iplt           0x0000000008004270        0x0
 .iplt          0x0000000008004270        0x0 /home/dylan/Bureau/Cours/Robotique/_Temps_reel/STM32_2A/gcc-arm-none-eabi-9-2019-q4-major/bin/../lib/gcc/arm-none-eabi/9.2.1/thumb/v7e-m+fp/hard/crtbegin.o

.rodata         0x0000000008004270       0x78
                0x0000000008004270                . = ALIGN (0x8)
 *(.rodata)
 *(.rodata*)
 .rodata._global_impure_ptr
                0x0000000008004270        0x4 /home/dylan/Bureau/Cours/Robotique/_Temps_reel/STM32_2A/gcc-arm-none-eabi-9-2019-q4-major/bin/../lib/gcc/arm-none-eabi/9.2.1/../../../../arm-none-eabi/lib/thumb/v7e-m+fp/hard/libc_nano.a(lib_a-impure.o)
                0x0000000008004270                _global_impure_ptr
 .rodata.main.str1.1
                0x0000000008004274       0x13 ./build/main.o
 *fill*         0x0000000008004287        0x1 
 .rodata.BUTTON_IRQn
                0x0000000008004288        0x2 ./build/stm32l4xx_nucleo.o
                0x0000000008004288                BUTTON_IRQn
 .rodata.BUTTON_PIN
                0x000000000800428a        0x2 ./build/stm32l4xx_nucleo.o
                0x000000000800428a                BUTTON_PIN
 .rodata.GPIO_PIN
                0x000000000800428c        0x2 ./build/stm32l4xx_nucleo.o
                0x000000000800428c                GPIO_PIN
 .rodata.CSWTCH.49
                0x000000000800428e        0x3 ./build/stm32l4xx_hal_uart.o
 .rodata.CSWTCH.50
                0x0000000008004291        0xd ./build/stm32l4xx_hal_uart.o
 .rodata.AHBPrescTable
                0x000000000800429e       0x10 ./build/system_stm32l4xx.o
                0x000000000800429e                AHBPrescTable
 .rodata.APBPrescTable
                0x00000000080042ae        0x8 ./build/system_stm32l4xx.o
                0x00000000080042ae                APBPrescTable
 *fill*         0x00000000080042b6        0x2 
 .rodata.MSIRangeTable
                0x00000000080042b8       0x30 ./build/system_stm32l4xx.o
                0x00000000080042b8                MSIRangeTable
                0x00000000080042e8                . = ALIGN (0x8)

.ARM.extab      0x00000000080042e8        0x0
                0x00000000080042e8                . = ALIGN (0x8)
 *(.ARM.extab* .gnu.linkonce.armextab.*)
 .ARM.extab     0x00000000080042e8        0x0 /home/dylan/Bureau/Cours/Robotique/_Temps_reel/STM32_2A/gcc-arm-none-eabi-9-2019-q4-major/bin/../lib/gcc/arm-none-eabi/9.2.1/../../../../arm-none-eabi/lib/thumb/v7e-m+fp/hard/crt0.o
 .ARM.extab     0x00000000080042e8        0x0 /home/dylan/Bureau/Cours/Robotique/_Temps_reel/STM32_2A/gcc-arm-none-eabi-9-2019-q4-major/bin/../lib/gcc/arm-none-eabi/9.2.1/thumb/v7e-m+fp/hard/libgcc.a(_udivmoddi4.o)
                0x00000000080042e8                . = ALIGN (0x8)

.ARM            0x00000000080042e8        0x8
                0x00000000080042e8                . = ALIGN (0x8)
                0x00000000080042e8                __exidx_start = .
 *(.ARM.exidx*)
 .ARM.exidx     0x00000000080042e8        0x8 /home/dylan/Bureau/Cours/Robotique/_Temps_reel/STM32_2A/gcc-arm-none-eabi-9-2019-q4-major/bin/../lib/gcc/arm-none-eabi/9.2.1/../../../../arm-none-eabi/lib/thumb/v7e-m+fp/hard/crt0.o
 .ARM.exidx     0x00000000080042f0        0x0 /home/dylan/Bureau/Cours/Robotique/_Temps_reel/STM32_2A/gcc-arm-none-eabi-9-2019-q4-major/bin/../lib/gcc/arm-none-eabi/9.2.1/thumb/v7e-m+fp/hard/libgcc.a(_udivmoddi4.o)
                                          0x8 (size before relaxing)
                0x00000000080042f0                __exidx_end = .
                0x00000000080042f0                . = ALIGN (0x8)

.rel.dyn        0x00000000080042f0        0x0
 .rel.iplt      0x00000000080042f0        0x0 /home/dylan/Bureau/Cours/Robotique/_Temps_reel/STM32_2A/gcc-arm-none-eabi-9-2019-q4-major/bin/../lib/gcc/arm-none-eabi/9.2.1/thumb/v7e-m+fp/hard/crtbegin.o

.preinit_array  0x00000000080042f0        0x0
                0x00000000080042f0                . = ALIGN (0x8)
                0x00000000080042f0                PROVIDE (__preinit_array_start = .)
 *(.preinit_array*)
                0x00000000080042f0                PROVIDE (__preinit_array_end = .)
                0x00000000080042f0                . = ALIGN (0x8)

.init_array     0x00000000080042f0        0x8
                0x00000000080042f0                . = ALIGN (0x8)
                0x00000000080042f0                PROVIDE (__init_array_start = .)
 *(SORT_BY_NAME(.init_array.*))
 *(.init_array*)
 .init_array    0x00000000080042f0        0x4 /home/dylan/Bureau/Cours/Robotique/_Temps_reel/STM32_2A/gcc-arm-none-eabi-9-2019-q4-major/bin/../lib/gcc/arm-none-eabi/9.2.1/thumb/v7e-m+fp/hard/crtbegin.o
                0x00000000080042f4                PROVIDE (__init_array_end = .)
                0x00000000080042f8                . = ALIGN (0x8)
 *fill*         0x00000000080042f4        0x4 

.fini_array     0x00000000080042f8        0x8
                0x00000000080042f8                . = ALIGN (0x8)
                [!provide]                        PROVIDE (__fini_array_start = .)
 *(SORT_BY_NAME(.fini_array.*))
 *(.fini_array*)
 .fini_array    0x00000000080042f8        0x4 /home/dylan/Bureau/Cours/Robotique/_Temps_reel/STM32_2A/gcc-arm-none-eabi-9-2019-q4-major/bin/../lib/gcc/arm-none-eabi/9.2.1/thumb/v7e-m+fp/hard/crtbegin.o
                [!provide]                        PROVIDE (__fini_array_end = .)
                0x0000000008004300                . = ALIGN (0x8)
 *fill*         0x00000000080042fc        0x4 
                0x0000000008004300                _sidata = LOADADDR (.data)

.data           0x0000000020000000       0x90 load address 0x0000000008004300
                0x0000000020000000                . = ALIGN (0x8)
                0x0000000020000000                _sdata = .
 *(.data)
 .data          0x0000000020000000        0x0 /home/dylan/Bureau/Cours/Robotique/_Temps_reel/STM32_2A/gcc-arm-none-eabi-9-2019-q4-major/bin/../lib/gcc/arm-none-eabi/9.2.1/thumb/v7e-m+fp/hard/crti.o
 .data          0x0000000020000000        0x4 /home/dylan/Bureau/Cours/Robotique/_Temps_reel/STM32_2A/gcc-arm-none-eabi-9-2019-q4-major/bin/../lib/gcc/arm-none-eabi/9.2.1/thumb/v7e-m+fp/hard/crtbegin.o
                0x0000000020000000                __dso_handle
 .data          0x0000000020000004        0x0 /home/dylan/Bureau/Cours/Robotique/_Temps_reel/STM32_2A/gcc-arm-none-eabi-9-2019-q4-major/bin/../lib/gcc/arm-none-eabi/9.2.1/../../../../arm-none-eabi/lib/thumb/v7e-m+fp/hard/crt0.o
 .data          0x0000000020000004        0x0 /home/dylan/Bureau/Cours/Robotique/_Temps_reel/STM32_2A/gcc-arm-none-eabi-9-2019-q4-major/bin/../lib/gcc/arm-none-eabi/9.2.1/../../../../arm-none-eabi/lib/thumb/v7e-m+fp/hard/libc_nano.a(lib_a-exit.o)
 .data          0x0000000020000004        0x0 /home/dylan/Bureau/Cours/Robotique/_Temps_reel/STM32_2A/gcc-arm-none-eabi-9-2019-q4-major/bin/../lib/gcc/arm-none-eabi/9.2.1/../../../../arm-none-eabi/lib/thumb/v7e-m+fp/hard/libc_nano.a(lib_a-impure.o)
 .data          0x0000000020000004        0x0 /home/dylan/Bureau/Cours/Robotique/_Temps_reel/STM32_2A/gcc-arm-none-eabi-9-2019-q4-major/bin/../lib/gcc/arm-none-eabi/9.2.1/../../../../arm-none-eabi/lib/thumb/v7e-m+fp/hard/libc_nano.a(lib_a-init.o)
 .data          0x0000000020000004        0x0 /home/dylan/Bureau/Cours/Robotique/_Temps_reel/STM32_2A/gcc-arm-none-eabi-9-2019-q4-major/bin/../lib/gcc/arm-none-eabi/9.2.1/../../../../arm-none-eabi/lib/thumb/v7e-m+fp/hard/libc_nano.a(lib_a-memset.o)
 .data          0x0000000020000004        0x0 ./build/main.o
 .data          0x0000000020000004        0x0 ./build/stm32l4xx_it.o
 .data          0x0000000020000004        0x0 ./build/stm32l4xx_nucleo.o
 .data          0x0000000020000004        0x0 ./build/stm32l4xx_hal_msp.o
 .data          0x0000000020000004        0x0 ./build/stm32l4xx_hal.o
 .data          0x0000000020000004        0x0 ./build/stm32l4xx_hal_cortex.o
 .data          0x0000000020000004        0x0 ./build/stm32l4xx_hal_rcc.o
 .data          0x0000000020000004        0x0 ./build/stm32l4xx_hal_pwr_ex.o
 .data          0x0000000020000004        0x0 ./build/stm32l4xx_hal_gpio.o
 .data          0x0000000020000004        0x0 ./build/stm32l4xx_hal_pwr.o
 .data          0x0000000020000004        0x0 ./build/stm32l4xx_hal_uart.o
 .data          0x0000000020000004        0x0 ./build/stm32l4xx_hal_dma.o
 .data          0x0000000020000004        0x0 ./build/stm32l4xx_hal_uart_ex.o
 .data          0x0000000020000004        0x0 ./build/stm32l4xx_hal_wwdg.o
 .data          0x0000000020000004        0x0 ./build/system_stm32l4xx.o
 .data          0x0000000020000004        0x0 build/stm32l476_startup.o
 .data          0x0000000020000004        0x0 /home/dylan/Bureau/Cours/Robotique/_Temps_reel/STM32_2A/gcc-arm-none-eabi-9-2019-q4-major/bin/../lib/gcc/arm-none-eabi/9.2.1/thumb/v7e-m+fp/hard/libgcc.a(_aeabi_ldivmod.o)
 .data          0x0000000020000004        0x0 /home/dylan/Bureau/Cours/Robotique/_Temps_reel/STM32_2A/gcc-arm-none-eabi-9-2019-q4-major/bin/../lib/gcc/arm-none-eabi/9.2.1/thumb/v7e-m+fp/hard/libgcc.a(_aeabi_uldivmod.o)
 .data          0x0000000020000004        0x0 /home/dylan/Bureau/Cours/Robotique/_Temps_reel/STM32_2A/gcc-arm-none-eabi-9-2019-q4-major/bin/../lib/gcc/arm-none-eabi/9.2.1/thumb/v7e-m+fp/hard/libgcc.a(_udivmoddi4.o)
 .data          0x0000000020000004        0x0 /home/dylan/Bureau/Cours/Robotique/_Temps_reel/STM32_2A/gcc-arm-none-eabi-9-2019-q4-major/bin/../lib/gcc/arm-none-eabi/9.2.1/thumb/v7e-m+fp/hard/libgcc.a(_dvmd_tls.o)
 .data          0x0000000020000004        0x0 /home/dylan/Bureau/Cours/Robotique/_Temps_reel/STM32_2A/gcc-arm-none-eabi-9-2019-q4-major/bin/../lib/gcc/arm-none-eabi/9.2.1/../../../../arm-none-eabi/lib/thumb/v7e-m+fp/hard/libc_nano.a(lib_a-strlen.o)
 .data          0x0000000020000004        0x0 /home/dylan/Bureau/Cours/Robotique/_Temps_reel/STM32_2A/gcc-arm-none-eabi-9-2019-q4-major/bin/../lib/gcc/arm-none-eabi/9.2.1/../../../../arm-none-eabi/lib/thumb/v7e-m+fp/hard/libnosys.a(_exit.o)
 .data          0x0000000020000004        0x0 /home/dylan/Bureau/Cours/Robotique/_Temps_reel/STM32_2A/gcc-arm-none-eabi-9-2019-q4-major/bin/../lib/gcc/arm-none-eabi/9.2.1/thumb/v7e-m+fp/hard/crtend.o
 .data          0x0000000020000004        0x0 /home/dylan/Bureau/Cours/Robotique/_Temps_reel/STM32_2A/gcc-arm-none-eabi-9-2019-q4-major/bin/../lib/gcc/arm-none-eabi/9.2.1/thumb/v7e-m+fp/hard/crtn.o
 *(.data*)
 .data._impure_ptr
                0x0000000020000004        0x4 /home/dylan/Bureau/Cours/Robotique/_Temps_reel/STM32_2A/gcc-arm-none-eabi-9-2019-q4-major/bin/../lib/gcc/arm-none-eabi/9.2.1/../../../../arm-none-eabi/lib/thumb/v7e-m+fp/hard/libc_nano.a(lib_a-impure.o)
                0x0000000020000004                _impure_ptr
 .data.impure_data
                0x0000000020000008       0x60 /home/dylan/Bureau/Cours/Robotique/_Temps_reel/STM32_2A/gcc-arm-none-eabi-9-2019-q4-major/bin/../lib/gcc/arm-none-eabi/9.2.1/../../../../arm-none-eabi/lib/thumb/v7e-m+fp/hard/libc_nano.a(lib_a-impure.o)
 .data.aTxStartMessage
                0x0000000020000068        0xe ./build/main.o
                0x0000000020000068                aTxStartMessage
 .data.ubSizeToSend
                0x0000000020000076        0x1 ./build/main.o
                0x0000000020000076                ubSizeToSend
 *fill*         0x0000000020000077        0x1 
 .data.BUTTON_PORT
                0x0000000020000078        0x4 ./build/stm32l4xx_nucleo.o
                0x0000000020000078                BUTTON_PORT
 .data.GPIO_PORT
                0x000000002000007c        0x4 ./build/stm32l4xx_nucleo.o
                0x000000002000007c                GPIO_PORT
 .data.uwTickFreq
                0x0000000020000080        0x4 ./build/stm32l4xx_hal.o
                0x0000000020000080                uwTickFreq
 .data.uwTickPrio
                0x0000000020000084        0x4 ./build/stm32l4xx_hal.o
                0x0000000020000084                uwTickPrio
 .data.SystemCoreClock
                0x0000000020000088        0x4 ./build/system_stm32l4xx.o
                0x0000000020000088                SystemCoreClock
                0x0000000020000090                . = ALIGN (0x8)
 *fill*         0x000000002000008c        0x4 
                0x0000000020000090                _edata = .

.igot.plt       0x0000000020000090        0x0 load address 0x0000000008004390
 .igot.plt      0x0000000020000090        0x0 /home/dylan/Bureau/Cours/Robotique/_Temps_reel/STM32_2A/gcc-arm-none-eabi-9-2019-q4-major/bin/../lib/gcc/arm-none-eabi/9.2.1/thumb/v7e-m+fp/hard/crtbegin.o
                0x0000000020000090                . = ALIGN (0x4)

.bss            0x0000000020000090       0xdc load address 0x0000000008004390
                0x0000000020000090                _sbss = .
                0x0000000020000090                __bss_start__ = _sbss
 *(.bss)
 .bss           0x0000000020000090        0x0 /home/dylan/Bureau/Cours/Robotique/_Temps_reel/STM32_2A/gcc-arm-none-eabi-9-2019-q4-major/bin/../lib/gcc/arm-none-eabi/9.2.1/thumb/v7e-m+fp/hard/crti.o
 .bss           0x0000000020000090       0x1c /home/dylan/Bureau/Cours/Robotique/_Temps_reel/STM32_2A/gcc-arm-none-eabi-9-2019-q4-major/bin/../lib/gcc/arm-none-eabi/9.2.1/thumb/v7e-m+fp/hard/crtbegin.o
 .bss           0x00000000200000ac        0x0 /home/dylan/Bureau/Cours/Robotique/_Temps_reel/STM32_2A/gcc-arm-none-eabi-9-2019-q4-major/bin/../lib/gcc/arm-none-eabi/9.2.1/../../../../arm-none-eabi/lib/thumb/v7e-m+fp/hard/crt0.o
 .bss           0x00000000200000ac        0x0 /home/dylan/Bureau/Cours/Robotique/_Temps_reel/STM32_2A/gcc-arm-none-eabi-9-2019-q4-major/bin/../lib/gcc/arm-none-eabi/9.2.1/../../../../arm-none-eabi/lib/thumb/v7e-m+fp/hard/libc_nano.a(lib_a-exit.o)
 .bss           0x00000000200000ac        0x0 /home/dylan/Bureau/Cours/Robotique/_Temps_reel/STM32_2A/gcc-arm-none-eabi-9-2019-q4-major/bin/../lib/gcc/arm-none-eabi/9.2.1/../../../../arm-none-eabi/lib/thumb/v7e-m+fp/hard/libc_nano.a(lib_a-impure.o)
 .bss           0x00000000200000ac        0x0 /home/dylan/Bureau/Cours/Robotique/_Temps_reel/STM32_2A/gcc-arm-none-eabi-9-2019-q4-major/bin/../lib/gcc/arm-none-eabi/9.2.1/../../../../arm-none-eabi/lib/thumb/v7e-m+fp/hard/libc_nano.a(lib_a-init.o)
 .bss           0x00000000200000ac        0x0 /home/dylan/Bureau/Cours/Robotique/_Temps_reel/STM32_2A/gcc-arm-none-eabi-9-2019-q4-major/bin/../lib/gcc/arm-none-eabi/9.2.1/../../../../arm-none-eabi/lib/thumb/v7e-m+fp/hard/libc_nano.a(lib_a-memset.o)
 .bss           0x00000000200000ac        0x0 ./build/main.o
 .bss           0x00000000200000ac        0x0 ./build/stm32l4xx_it.o
 .bss           0x00000000200000ac        0x0 ./build/stm32l4xx_nucleo.o
 .bss           0x00000000200000ac        0x0 ./build/stm32l4xx_hal_msp.o
 .bss           0x00000000200000ac        0x0 ./build/stm32l4xx_hal.o
 .bss           0x00000000200000ac        0x0 ./build/stm32l4xx_hal_cortex.o
 .bss           0x00000000200000ac        0x0 ./build/stm32l4xx_hal_rcc.o
 .bss           0x00000000200000ac        0x0 ./build/stm32l4xx_hal_pwr_ex.o
 .bss           0x00000000200000ac        0x0 ./build/stm32l4xx_hal_gpio.o
 .bss           0x00000000200000ac        0x0 ./build/stm32l4xx_hal_pwr.o
 .bss           0x00000000200000ac        0x0 ./build/stm32l4xx_hal_uart.o
 .bss           0x00000000200000ac        0x0 ./build/stm32l4xx_hal_dma.o
 .bss           0x00000000200000ac        0x0 ./build/stm32l4xx_hal_uart_ex.o
 .bss           0x00000000200000ac        0x0 ./build/stm32l4xx_hal_wwdg.o
 .bss           0x00000000200000ac        0x0 ./build/system_stm32l4xx.o
 .bss           0x00000000200000ac        0x0 build/stm32l476_startup.o
 .bss           0x00000000200000ac        0x0 /home/dylan/Bureau/Cours/Robotique/_Temps_reel/STM32_2A/gcc-arm-none-eabi-9-2019-q4-major/bin/../lib/gcc/arm-none-eabi/9.2.1/thumb/v7e-m+fp/hard/libgcc.a(_aeabi_ldivmod.o)
 .bss           0x00000000200000ac        0x0 /home/dylan/Bureau/Cours/Robotique/_Temps_reel/STM32_2A/gcc-arm-none-eabi-9-2019-q4-major/bin/../lib/gcc/arm-none-eabi/9.2.1/thumb/v7e-m+fp/hard/libgcc.a(_aeabi_uldivmod.o)
[...]
                                                  ./build/main.o
HAL_UART_MspDeInit                                ./build/stm32l4xx_hal_msp.o
HAL_UART_MspInit                                  ./build/stm32l4xx_hal_msp.o
                                                  ./build/stm32l4xx_hal_uart_ex.o
HAL_UART_Receive                                  ./build/stm32l4xx_hal_uart.o
HAL_UART_Receive_DMA                              ./build/stm32l4xx_hal_uart.o
HAL_UART_Receive_IT                               ./build/stm32l4xx_hal_uart.o
HAL_UART_RxCpltCallback                           ./build/stm32l4xx_hal_uart.o
HAL_UART_RxHalfCpltCallback                       ./build/stm32l4xx_hal_uart.o
HAL_UART_Transmit                                 ./build/stm32l4xx_hal_uart.o
                                                  ./build/main.o
HAL_UART_Transmit_DMA                             ./build/stm32l4xx_hal_uart.o
HAL_UART_Transmit_IT                              ./build/stm32l4xx_hal_uart.o
HAL_UART_TxCpltCallback                           ./build/stm32l4xx_hal_uart.o
HAL_UART_TxHalfCpltCallback                       ./build/stm32l4xx_hal_uart.o
HAL_WWDG_EarlyWakeupCallback                      ./build/stm32l4xx_hal_wwdg.o
HAL_WWDG_IRQHandler                               ./build/stm32l4xx_hal_wwdg.o
HAL_WWDG_Init                                     ./build/stm32l4xx_hal_wwdg.o
                                                  ./build/main.o
HAL_WWDG_MspInit                                  ./build/stm32l4xx_hal_msp.o
HAL_WWDG_Refresh                                  ./build/stm32l4xx_hal_wwdg.o
                                                  ./build/main.o
HardFault_Handler                                 ./build/stm32l4xx_it.o
I2C1_ER_IRQHandler                                build/stm32l476_startup.o
I2C1_EV_IRQHandler                                build/stm32l476_startup.o
I2C2_ER_IRQHandler                                build/stm32l476_startup.o
I2C2_EV_IRQHandler                                build/stm32l476_startup.o
I2C3_ER_IRQHandler                                build/stm32l476_startup.o
I2C3_EV_IRQHandler                                build/stm32l476_startup.o
LCD_IRQHandler                                    build/stm32l476_startup.o
LPTIM1_IRQHandler                                 build/stm32l476_startup.o
LPTIM2_IRQHandler                                 build/stm32l476_startup.o
LPUART1_IRQHandler                                build/stm32l476_startup.o
MSIRangeTable                                     ./build/system_stm32l4xx.o
                                                  ./build/stm32l4xx_hal_rcc.o
MemManage_Handler                                 ./build/stm32l4xx_it.o
NMI_Handler                                       ./build/stm32l4xx_it.o
OTG_FS_IRQHandler                                 build/stm32l476_startup.o
PVD_PVM_IRQHandler                                build/stm32l476_startup.o
PendSV_Handler                                    ./build/stm32l4xx_it.o
QUADSPI_IRQHandler                                build/stm32l476_startup.o
RCC_IRQHandler                                    build/stm32l476_startup.o
RNG_IRQHandler                                    build/stm32l476_startup.o
RTC_Alarm_IRQHandler                              build/stm32l476_startup.o
RTC_WKUP_IRQHandler                               build/stm32l476_startup.o
Reset_Handler                                     build/stm32l476_startup.o
SAI1_IRQHandler                                   build/stm32l476_startup.o
SAI2_IRQHandler                                   build/stm32l476_startup.o
SDMMC1_IRQHandler                                 build/stm32l476_startup.o
SPI1_IRQHandler                                   build/stm32l476_startup.o
SPI2_IRQHandler                                   build/stm32l476_startup.o
SPI3_IRQHandler                                   build/stm32l476_startup.o
SVC_Handler                                       ./build/stm32l4xx_it.o
SWPMI1_IRQHandler                                 build/stm32l476_startup.o
SysTick_Handler                                   ./build/stm32l4xx_it.o
SystemCoreClock                                   ./build/system_stm32l4xx.o
                                                  ./build/stm32l4xx_hal_pwr_ex.o
                                                  ./build/stm32l4xx_hal_rcc.o
                                                  ./build/stm32l4xx_hal.o
SystemCoreClockUpdate                             ./build/system_stm32l4xx.o
SystemInit                                        ./build/system_stm32l4xx.o
                                                  build/stm32l476_startup.o
TAMP_STAMP_IRQHandler                             build/stm32l476_startup.o
TIM1_BRK_TIM15_IRQHandler                         build/stm32l476_startup.o
TIM1_CC_IRQHandler                                build/stm32l476_startup.o
TIM1_TRG_COM_TIM17_IRQHandler                     build/stm32l476_startup.o
TIM1_UP_TIM16_IRQHandler                          build/stm32l476_startup.o
TIM2_IRQHandler                                   build/stm32l476_startup.o
TIM3_IRQHandler                                   build/stm32l476_startup.o
TIM4_IRQHandler                                   build/stm32l476_startup.o
TIM5_IRQHandler                                   build/stm32l476_startup.o
TIM6_DAC_IRQHandler                               build/stm32l476_startup.o
TIM7_IRQHandler                                   build/stm32l476_startup.o
TIM8_BRK_IRQHandler                               build/stm32l476_startup.o
TIM8_CC_IRQHandler                                build/stm32l476_startup.o
TIM8_TRG_COM_IRQHandler                           build/stm32l476_startup.o
TIM8_UP_IRQHandler                                build/stm32l476_startup.o
TSC_IRQHandler                                    build/stm32l476_startup.o
UART4_IRQHandler                                  build/stm32l476_startup.o
UART5_IRQHandler                                  build/stm32l476_startup.o
UART_AdvFeatureConfig                             ./build/stm32l4xx_hal_uart.o
                                                  ./build/stm32l4xx_hal_uart_ex.o
UART_CharReception_Callback                       ./build/main.o
                                                  ./build/stm32l4xx_it.o
UART_CheckIdleState                               ./build/stm32l4xx_hal_uart.o
                                                  ./build/stm32l4xx_hal_uart_ex.o
UART_Error_Callback                               ./build/main.o
                                                  ./build/stm32l4xx_it.o
UART_SetConfig                                    ./build/stm32l4xx_hal_uart.o
                                                  ./build/stm32l4xx_hal_uart_ex.o
UART_WaitOnFlagUntilTimeout                       ./build/stm32l4xx_hal_uart.o
                                                  ./build/stm32l4xx_hal_uart_ex.o
USART1_IRQHandler                                 build/stm32l476_startup.o
USART2_IRQHandler                                 ./build/stm32l4xx_it.o
USART3_IRQHandler                                 build/stm32l476_startup.o
UartHandle                                        ./build/main.o
UsageFault_Handler                                ./build/stm32l4xx_it.o
WWDG_IRQHandler                                   build/stm32l476_startup.o
__aeabi_idiv0                                     /home/dylan/Bureau/Cours/Robotique/_Temps_reel/STM32_2A/gcc-arm-none-eabi-9-2019-q4-major/bin/../lib/gcc/arm-none-eabi/9.2.1/thumb/v7e-m+fp/hard/libgcc.a(_dvmd_tls.o)
__aeabi_ldiv0                                     /home/dylan/Bureau/Cours/Robotique/_Temps_reel/STM32_2A/gcc-arm-none-eabi-9-2019-q4-major/bin/../lib/gcc/arm-none-eabi/9.2.1/thumb/v7e-m+fp/hard/libgcc.a(_dvmd_tls.o)
                                                  /home/dylan/Bureau/Cours/Robotique/_Temps_reel/STM32_2A/gcc-arm-none-eabi-9-2019-q4-major/bin/../lib/gcc/arm-none-eabi/9.2.1/thumb/v7e-m+fp/hard/libgcc.a(_aeabi_uldivmod.o)
                                                  /home/dylan/Bureau/Cours/Robotique/_Temps_reel/STM32_2A/gcc-arm-none-eabi-9-2019-q4-major/bin/../lib/gcc/arm-none-eabi/9.2.1/thumb/v7e-m+fp/hard/libgcc.a(_aeabi_ldivmod.o)
__aeabi_ldivmod                                   /home/dylan/Bureau/Cours/Robotique/_Temps_reel/STM32_2A/gcc-arm-none-eabi-9-2019-q4-major/bin/../lib/gcc/arm-none-eabi/9.2.1/thumb/v7e-m+fp/hard/libgcc.a(_aeabi_ldivmod.o)
                                                  ./build/stm32l4xx_hal_uart.o
__aeabi_uldivmod                                  /home/dylan/Bureau/Cours/Robotique/_Temps_reel/STM32_2A/gcc-arm-none-eabi-9-2019-q4-major/bin/../lib/gcc/arm-none-eabi/9.2.1/thumb/v7e-m+fp/hard/libgcc.a(_aeabi_uldivmod.o)
                                                  ./build/stm32l4xx_hal_uart.o
__bss_end__                                       /home/dylan/Bureau/Cours/Robotique/_Temps_reel/STM32_2A/gcc-arm-none-eabi-9-2019-q4-major/bin/../lib/gcc/arm-none-eabi/9.2.1/../../../../arm-none-eabi/lib/thumb/v7e-m+fp/hard/crt0.o
__bss_start__                                     /home/dylan/Bureau/Cours/Robotique/_Temps_reel/STM32_2A/gcc-arm-none-eabi-9-2019-q4-major/bin/../lib/gcc/arm-none-eabi/9.2.1/../../../../arm-none-eabi/lib/thumb/v7e-m+fp/hard/crt0.o
__call_exitprocs                                  /home/dylan/Bureau/Cours/Robotique/_Temps_reel/STM32_2A/gcc-arm-none-eabi-9-2019-q4-major/bin/../lib/gcc/arm-none-eabi/9.2.1/../../../../arm-none-eabi/lib/thumb/v7e-m+fp/hard/libc_nano.a(lib_a-exit.o)
__deregister_frame_info                           /home/dylan/Bureau/Cours/Robotique/_Temps_reel/STM32_2A/gcc-arm-none-eabi-9-2019-q4-major/bin/../lib/gcc/arm-none-eabi/9.2.1/thumb/v7e-m+fp/hard/crtbegin.o
__dso_handle                                      /home/dylan/Bureau/Cours/Robotique/_Temps_reel/STM32_2A/gcc-arm-none-eabi-9-2019-q4-major/bin/../lib/gcc/arm-none-eabi/9.2.1/thumb/v7e-m+fp/hard/crtbegin.o
__init_array_end                                  /home/dylan/Bureau/Cours/Robotique/_Temps_reel/STM32_2A/gcc-arm-none-eabi-9-2019-q4-major/bin/../lib/gcc/arm-none-eabi/9.2.1/../../../../arm-none-eabi/lib/thumb/v7e-m+fp/hard/libc_nano.a(lib_a-init.o)
__init_array_start                                /home/dylan/Bureau/Cours/Robotique/_Temps_reel/STM32_2A/gcc-arm-none-eabi-9-2019-q4-major/bin/../lib/gcc/arm-none-eabi/9.2.1/../../../../arm-none-eabi/lib/thumb/v7e-m+fp/hard/libc_nano.a(lib_a-init.o)
__libc_fini_array                                 /home/dylan/Bureau/Cours/Robotique/_Temps_reel/STM32_2A/gcc-arm-none-eabi-9-2019-q4-major/bin/../lib/gcc/arm-none-eabi/9.2.1/../../../../arm-none-eabi/lib/thumb/v7e-m+fp/hard/crt0.o
__libc_init_array                                 /home/dylan/Bureau/Cours/Robotique/_Temps_reel/STM32_2A/gcc-arm-none-eabi-9-2019-q4-major/bin/../lib/gcc/arm-none-eabi/9.2.1/../../../../arm-none-eabi/lib/thumb/v7e-m+fp/hard/libc_nano.a(lib_a-init.o)
                                                  build/stm32l476_startup.o
                                                  /home/dylan/Bureau/Cours/Robotique/_Temps_reel/STM32_2A/gcc-arm-none-eabi-9-2019-q4-major/bin/../lib/gcc/arm-none-eabi/9.2.1/../../../../arm-none-eabi/lib/thumb/v7e-m+fp/hard/crt0.o
__preinit_array_end                               /home/dylan/Bureau/Cours/Robotique/_Temps_reel/STM32_2A/gcc-arm-none-eabi-9-2019-q4-major/bin/../lib/gcc/arm-none-eabi/9.2.1/../../../../arm-none-eabi/lib/thumb/v7e-m+fp/hard/libc_nano.a(lib_a-init.o)
__preinit_array_start                             /home/dylan/Bureau/Cours/Robotique/_Temps_reel/STM32_2A/gcc-arm-none-eabi-9-2019-q4-major/bin/../lib/gcc/arm-none-eabi/9.2.1/../../../../arm-none-eabi/lib/thumb/v7e-m+fp/hard/libc_nano.a(lib_a-init.o)
__register_frame_info                             /home/dylan/Bureau/Cours/Robotique/_Temps_reel/STM32_2A/gcc-arm-none-eabi-9-2019-q4-major/bin/../lib/gcc/arm-none-eabi/9.2.1/thumb/v7e-m+fp/hard/crtbegin.o
__sf_fake_stderr                                  /home/dylan/Bureau/Cours/Robotique/_Temps_reel/STM32_2A/gcc-arm-none-eabi-9-2019-q4-major/bin/../lib/gcc/arm-none-eabi/9.2.1/../../../../arm-none-eabi/lib/thumb/v7e-m+fp/hard/libc_nano.a(lib_a-impure.o)
__sf_fake_stdin                                   /home/dylan/Bureau/Cours/Robotique/_Temps_reel/STM32_2A/gcc-arm-none-eabi-9-2019-q4-major/bin/../lib/gcc/arm-none-eabi/9.2.1/../../../../arm-none-eabi/lib/thumb/v7e-m+fp/hard/libc_nano.a(lib_a-impure.o)
__sf_fake_stdout                                  /home/dylan/Bureau/Cours/Robotique/_Temps_reel/STM32_2A/gcc-arm-none-eabi-9-2019-q4-major/bin/../lib/gcc/arm-none-eabi/9.2.1/../../../../arm-none-eabi/lib/thumb/v7e-m+fp/hard/libc_nano.a(lib_a-impure.o)
__stack                                           /home/dylan/Bureau/Cours/Robotique/_Temps_reel/STM32_2A/gcc-arm-none-eabi-9-2019-q4-major/bin/../lib/gcc/arm-none-eabi/9.2.1/../../../../arm-none-eabi/lib/thumb/v7e-m+fp/hard/crt0.o
__udivmoddi4                                      /home/dylan/Bureau/Cours/Robotique/_Temps_reel/STM32_2A/gcc-arm-none-eabi-9-2019-q4-major/bin/../lib/gcc/arm-none-eabi/9.2.1/thumb/v7e-m+fp/hard/libgcc.a(_udivmoddi4.o)
                                                  /home/dylan/Bureau/Cours/Robotique/_Temps_reel/STM32_2A/gcc-arm-none-eabi-9-2019-q4-major/bin/../lib/gcc/arm-none-eabi/9.2.1/thumb/v7e-m+fp/hard/libgcc.a(_aeabi_uldivmod.o)
                                                  /home/dylan/Bureau/Cours/Robotique/_Temps_reel/STM32_2A/gcc-arm-none-eabi-9-2019-q4-major/bin/../lib/gcc/arm-none-eabi/9.2.1/thumb/v7e-m+fp/hard/libgcc.a(_aeabi_ldivmod.o)
_ebss                                             build/stm32l476_startup.o
_edata                                            build/stm32l476_startup.o
_estack                                           build/stm32l476_startup.o
_exit                                             /home/dylan/Bureau/Cours/Robotique/_Temps_reel/STM32_2A/gcc-arm-none-eabi-9-2019-q4-major/bin/../lib/gcc/arm-none-eabi/9.2.1/../../../../arm-none-eabi/lib/thumb/v7e-m+fp/hard/libnosys.a(_exit.o)
                                                  /home/dylan/Bureau/Cours/Robotique/_Temps_reel/STM32_2A/gcc-arm-none-eabi-9-2019-q4-major/bin/../lib/gcc/arm-none-eabi/9.2.1/../../../../arm-none-eabi/lib/thumb/v7e-m+fp/hard/libc_nano.a(lib_a-exit.o)
_fini                                             /home/dylan/Bureau/Cours/Robotique/_Temps_reel/STM32_2A/gcc-arm-none-eabi-9-2019-q4-major/bin/../lib/gcc/arm-none-eabi/9.2.1/thumb/v7e-m+fp/hard/crti.o
_global_impure_ptr                                /home/dylan/Bureau/Cours/Robotique/_Temps_reel/STM32_2A/gcc-arm-none-eabi-9-2019-q4-major/bin/../lib/gcc/arm-none-eabi/9.2.1/../../../../arm-none-eabi/lib/thumb/v7e-m+fp/hard/libc_nano.a(lib_a-impure.o)
                                                  /home/dylan/Bureau/Cours/Robotique/_Temps_reel/STM32_2A/gcc-arm-none-eabi-9-2019-q4-major/bin/../lib/gcc/arm-none-eabi/9.2.1/../../../../arm-none-eabi/lib/thumb/v7e-m+fp/hard/libc_nano.a(lib_a-exit.o)
_impure_ptr                                       /home/dylan/Bureau/Cours/Robotique/_Temps_reel/STM32_2A/gcc-arm-none-eabi-9-2019-q4-major/bin/../lib/gcc/arm-none-eabi/9.2.1/../../../../arm-none-eabi/lib/thumb/v7e-m+fp/hard/libc_nano.a(lib_a-impure.o)
_init                                             /home/dylan/Bureau/Cours/Robotique/_Temps_reel/STM32_2A/gcc-arm-none-eabi-9-2019-q4-major/bin/../lib/gcc/arm-none-eabi/9.2.1/thumb/v7e-m+fp/hard/crti.o
                                                  /home/dylan/Bureau/Cours/Robotique/_Temps_reel/STM32_2A/gcc-arm-none-eabi-9-2019-q4-major/bin/../lib/gcc/arm-none-eabi/9.2.1/../../../../arm-none-eabi/lib/thumb/v7e-m+fp/hard/libc_nano.a(lib_a-init.o)
_mainCRTStartup                                   /home/dylan/Bureau/Cours/Robotique/_Temps_reel/STM32_2A/gcc-arm-none-eabi-9-2019-q4-major/bin/../lib/gcc/arm-none-eabi/9.2.1/../../../../arm-none-eabi/lib/thumb/v7e-m+fp/hard/crt0.o
_sbss                                             build/stm32l476_startup.o
_sdata                                            build/stm32l476_startup.o
_sidata                                           build/stm32l476_startup.o
_start                                            /home/dylan/Bureau/Cours/Robotique/_Temps_reel/STM32_2A/gcc-arm-none-eabi-9-2019-q4-major/bin/../lib/gcc/arm-none-eabi/9.2.1/../../../../arm-none-eabi/lib/thumb/v7e-m+fp/hard/crt0.o
aRXBufferA                                        ./build/main.o
aRXBufferB                                        ./build/main.o
aTxStartMessage                                   ./build/main.o
atexit                                            /home/dylan/Bureau/Cours/Robotique/_Temps_reel/STM32_2A/gcc-arm-none-eabi-9-2019-q4-major/bin/../lib/gcc/arm-none-eabi/9.2.1/../../../../arm-none-eabi/lib/thumb/v7e-m+fp/hard/crt0.o
exit                                              /home/dylan/Bureau/Cours/Robotique/_Temps_reel/STM32_2A/gcc-arm-none-eabi-9-2019-q4-major/bin/../lib/gcc/arm-none-eabi/9.2.1/../../../../arm-none-eabi/lib/thumb/v7e-m+fp/hard/libc_nano.a(lib_a-exit.o)
                                                  /home/dylan/Bureau/Cours/Robotique/_Temps_reel/STM32_2A/gcc-arm-none-eabi-9-2019-q4-major/bin/../lib/gcc/arm-none-eabi/9.2.1/../../../../arm-none-eabi/lib/thumb/v7e-m+fp/hard/crt0.o
g_pfnVectors                                      build/stm32l476_startup.o
hardware_init_hook                                /home/dylan/Bureau/Cours/Robotique/_Temps_reel/STM32_2A/gcc-arm-none-eabi-9-2019-q4-major/bin/../lib/gcc/arm-none-eabi/9.2.1/../../../../arm-none-eabi/lib/thumb/v7e-m+fp/hard/crt0.o
main                                              ./build/main.o
                                                  build/stm32l476_startup.o
                                                  /home/dylan/Bureau/Cours/Robotique/_Temps_reel/STM32_2A/gcc-arm-none-eabi-9-2019-q4-major/bin/../lib/gcc/arm-none-eabi/9.2.1/../../../../arm-none-eabi/lib/thumb/v7e-m+fp/hard/crt0.o
memset                                            /home/dylan/Bureau/Cours/Robotique/_Temps_reel/STM32_2A/gcc-arm-none-eabi-9-2019-q4-major/bin/../lib/gcc/arm-none-eabi/9.2.1/../../../../arm-none-eabi/lib/thumb/v7e-m+fp/hard/libc_nano.a(lib_a-memset.o)
                                                  ./build/stm32l4xx_nucleo.o
                                                  ./build/main.o
                                                  /home/dylan/Bureau/Cours/Robotique/_Temps_reel/STM32_2A/gcc-arm-none-eabi-9-2019-q4-major/bin/../lib/gcc/arm-none-eabi/9.2.1/../../../../arm-none-eabi/lib/thumb/v7e-m+fp/hard/crt0.o
mon_printf                                        ./build/main.o
pBufferReadyForReception                          ./build/main.o
pBufferReadyForUser                               ./build/main.o
software_init_hook                                /home/dylan/Bureau/Cours/Robotique/_Temps_reel/STM32_2A/gcc-arm-none-eabi-9-2019-q4-major/bin/../lib/gcc/arm-none-eabi/9.2.1/../../../../arm-none-eabi/lib/thumb/v7e-m+fp/hard/crt0.o
strlen                                            /home/dylan/Bureau/Cours/Robotique/_Temps_reel/STM32_2A/gcc-arm-none-eabi-9-2019-q4-major/bin/../lib/gcc/arm-none-eabi/9.2.1/../../../../arm-none-eabi/lib/thumb/v7e-m+fp/hard/libc_nano.a(lib_a-strlen.o)
                                                  ./build/main.o
ubSizeToSend                                      ./build/main.o
uwBufferReadyIndication                           ./build/main.o
uwNbReceivedChars                                 ./build/main.o
uwTick                                            ./build/stm32l4xx_hal.o
uwTickFreq                                        ./build/stm32l4xx_hal.o
uwTickPrio                                        ./build/stm32l4xx_hal.o
                                                  ./build/stm32l4xx_hal_rcc.o
